10-11 21:29:26.196  1004  1333 I WindowManager: Reparenting to leash, surface=Surface(name=dd11539 Waiting For Debugger: com.example.cameratest)/@0x4c5c0d7, caller=com.android.server.wm.SurfaceAnimator.startAnimation:130 com.android.server.wm.WindowContainer.startAnimation:1296 com.android.server.wm.WindowState.startAnimation:5557 
10-11 21:29:26.197   934  1512 I SurfaceFlinger: id=654 createSurf (0x0),-1 flag=80004, Surface(name=dd11539 Waiting For Debugger: com.example.cameratest)/@0x4c5c0d7 - animation-leash#0
10-11 21:29:26.197  1004  1333 D WindowManager: makeSurface duration=1 leash=Surface(name=Surface(name=dd11539 Waiting For Debugger: com.example.cameratest)/@0x4c5c0d7 - animation-leash)/@0x7153c55
10-11 21:29:26.197  1004  1333 V WindowManager: Changing focus from Window{dd11539 u0 Waiting For Debugger: com.example.cameratest EXITING} to null displayId=0 Callers=com.android.server.wm.RootWindowContainer.updateFocusedWindowLocked:203 com.android.server.wm.WindowManagerService.updateFocusedWindowLocked:6462 com.android.server.wm.WindowState.setupWindowForRemoveOnExit:2526 com.android.server.wm.WindowState.removeIfPossible:2495 com.android.server.wm.WindowState.removeIfPossible:2382 com.android.server.wm.WindowManagerService.removeWindow:2060 
10-11 21:29:26.199  1004  1333 D WindowManager: setSystemUiVisibility: displayId=0, vis=0x8008, fullVis=0x0, dockVis=0x0, win=Window{2d36af u0 Splash Screen com.example.cameratest}
10-11 21:29:26.199  1004  1335 I WindowManager: Focus moving from Window{dd11539 u0 Waiting For Debugger: com.example.cameratest EXITING} to null displayId=0
10-11 21:29:26.199  1004  1335 I WindowManager: Losing focus: Window{dd11539 u0 Waiting For Debugger: com.example.cameratest EXITING}
10-11 21:29:26.199  1004  1333 D WindowManager: setSystemUiVisibility: displayId=0, vis=0x8018, fullVis=0x0, dockVis=0x0, win=Window{2d36af u0 Splash Screen com.example.cameratest}
10-11 21:29:26.213  1004  2340 E InputDispatcher: Window handle Window{dd11539 u0 Waiting For Debugger: com.example.cameratest} has no registered input channel
10-11 21:29:26.334   934   934 I SurfaceFlinger:      DEVICE | 0x712fb1be40 | 0002 | RGBA_8888 |   0.0    0.0 1080.0 2400.0 |    0    0 1080 2400 | Splash Screen com.example.cameratest#0
10-11 21:29:26.486 15248 15248 E AndroidRuntime: Process: com.example.cameratest, PID: 15248
10-11 21:29:26.486 15248 15248 E AndroidRuntime: java.lang.RuntimeException: Unable to instantiate activity ComponentInfo{com.example.cameratest/com.example.cameratest.MainActivity}: java.lang.ClassNotFoundException: Didn't find class "com.example.cameratest.MainActivity" on path: DexPathList[[zip file "/data/app/com.example.cameratest-AB8IQxba-Bv0Yhw6nVhYlg==/base.apk"],nativeLibraryDirectories=[/data/app/com.example.cameratest-AB8IQxba-Bv0Yhw6nVhYlg==/lib/arm64, /data/app/com.example.cameratest-AB8IQxba-Bv0Yhw6nVhYlg==/base.apk!/lib/arm64-v8a, /system/lib64, /product/lib64]]
10-11 21:29:26.486 15248 15248 E AndroidRuntime: Caused by: java.lang.ClassNotFoundException: Didn't find class "com.example.cameratest.MainActivity" on path: DexPathList[[zip file "/data/app/com.example.cameratest-AB8IQxba-Bv0Yhw6nVhYlg==/base.apk"],nativeLibraryDirectories=[/data/app/com.example.cameratest-AB8IQxba-Bv0Yhw6nVhYlg==/lib/arm64, /data/app/com.example.cameratest-AB8IQxba-Bv0Yhw6nVhYlg==/base.apk!/lib/arm64-v8a, /system/lib64, /product/lib64]]
10-11 21:29:26.512  1004  1336 I WindowManager: Reparenting to original parent: Surface(name=WindowToken{2a15900 android.view.ViewRootImpl$W@4e8923d})/@0x17dd914, destroyLeash=true, surface=Surface(name=dd11539 Waiting For Debugger: com.example.cameratest)/@0x4c5c0d7, caller=com.android.server.wm.SurfaceAnimator.lambda$getFinishedCallback$0$SurfaceAnimator:98 com.android.server.wm.-$$Lambda$SurfaceAnimator$M9kRDTUpVS03LTqe-QLQz3DnMhk.run:6 com.android.server.wm.SurfaceAnimator.lambda$getFinishedCallback$1$SurfaceAnimator:104 
10-11 21:29:26.529   934  1089 I Layer   : id=654 removeFromCurrentState Surface(name=dd11539 Waiting For Debugger: com.example.cameratest)/@0x4c5c0d7 - animation-leash#0 (50)
10-11 21:29:26.529   934  1089 I SurfaceFlinger: id=654 Removed Surface(name=dd11539 Waiting For Debugger: com.example.cameratest)/@0x4c5c0d7 - animation-leash#0 (50)
10-11 21:29:26.530  1004  1336 I WindowManager: Destroying surface Surface(name=Waiting For Debugger: com.example.cameratest)/@0x6c9a10d called by com.android.server.wm.WindowStateAnimator.destroySurface:1783 com.android.server.wm.WindowStateAnimator.destroySurfaceLocked:713 com.android.server.wm.WindowState.destroySurfaceUnchecked:3587 com.android.server.wm.RootWindowContainer.performSurfacePlacementNoTrace:812 com.android.server.wm.RootWindowContainer.performSurfacePlacement:670 com.android.server.wm.WindowSurfacePlacer.performSurfacePlacementLoop:180 com.android.server.wm.WindowSurfacePlacer.performSurfacePlacement:111 com.android.server.wm.WindowSurfacePlacer.performSurfacePlacement:99 
10-11 21:29:26.530   934  1089 I Layer   : id=650 removeFromCurrentState Waiting For Debugger: com.example.cameratest#0 (50)
10-11 21:29:26.530   934  1089 I SurfaceFlinger: id=650 Removed Waiting For Debugger: com.example.cameratest#0 (50)
10-11 21:29:26.531   934  1089 I Layer   : id=649 removeFromCurrentState dd11539 Waiting For Debugger: com.example.cameratest#0 (50)
10-11 21:29:26.531   934   934 I SurfaceFlinger:      DEVICE | 0x712fb1be40 | 0002 | RGBA_8888 |   0.0    0.0 1080.0 2400.0 |    0    0 1080 2400 | Splash Screen com.example.cameratest#0
10-11 21:29:26.546   934   934 I Layer   : id=654[1] Destroyed Surface(name=dd11539 Waiting For Debugger: com.example.cameratest)/@0x4c5c0d7 - animation-leash#0
10-11 21:29:26.546   934   934 I Layer   : id=650[1] Destroyed Waiting For Debugger: com.example.cameratest#0
10-11 21:29:27.435  1004  2739 D ActivityManagerPerformance: Received MSG_DISABLE_APP_SWITCH, r: ActivityRecord{4b13eeb u0 com.example.cameratest/.MainActivity t807}
10-11 21:29:27.435  1004  2739 D ActivityManagerPerformance: setBoosterAppSwitch() onoff: false, r: com.example.cameratest (ActivityRecord{4b13eeb u0 com.example.cameratest/.MainActivity t807}), curBoost: com.example.cameratest (ActivityRecord{4b13eeb u0 com.example.cameratest/.MainActivity t807})
10-11 21:29:27.435  1004  2739 D ActivityManagerPerformance: setBoosterTail() from AppSwitch, r: com.example.cameratest (ActivityRecord{4b13eeb u0 com.example.cameratest/.MainActivity t807})
10-11 21:29:29.498  1004  2552 W ActivityManager: crash : com.example.cameratest,0
10-11 21:29:29.502  1004  2552 W ActivityTaskManager:   Force finishing activity com.example.cameratest/.MainActivity
10-11 21:29:29.554  1004  2340 D ActivityManager: [SD] system seedbed listen remove action name:com.example.cameratest uid:10325 adj:199
10-11 21:29:29.555  1004  2340 I ActivityManager: Process com.example.cameratest (pid 15248) has died: vis+99 TOP (522,3881)
10-11 21:29:29.556  1004  2340 E WindowManager: win=Window{2d36af u0 Splash Screen com.example.cameratest EXITING} destroySurfaces: appStopped=false win.mWindowRemovalAllowed=true win.mRemoveOnExit=true win.mViewVisibility=0 caller=com.android.server.wm.AppWindowToken.destroySurfaces:1219 com.android.server.wm.AppWindowToken.destroySurfaces:1200 com.android.server.wm.WindowState.onExitAnimationDone:5122 com.android.server.wm.-$$Lambda$01bPtngJg5AqEoOWfW3rWfV7MH4.accept:2 java.util.ArrayList.forEach:1262 com.android.server.wm.AppWindowToken.onAnimationFinished:3870 com.android.server.wm.AppWindowToken.commitVisibility:884 
10-11 21:29:29.556  1004  2340 I WindowManager: Destroying surface Surface(name=Splash Screen com.example.cameratest)/@0x96c3a48 called by com.android.server.wm.WindowStateAnimator.destroySurface:1783 com.android.server.wm.WindowStateAnimator.destroySurfaceLocked:713 com.android.server.wm.WindowState.destroySurfaceUnchecked:3587 com.android.server.wm.WindowState.destroySurface:3561 com.android.server.wm.AppWindowToken.destroySurfaces:1219 com.android.server.wm.AppWindowToken.destroySurfaces:1200 com.android.server.wm.WindowState.onExitAnimationDone:5122 com.android.server.wm.-$$Lambda$01bPtngJg5AqEoOWfW3rWfV7MH4.accept:2 
10-11 21:29:29.556   934  2704 I Layer   : id=643 removeFromCurrentState Splash Screen com.example.cameratest#0 (45)
10-11 21:29:29.558   934  2704 I Layer   : id=642 removeFromCurrentState 2d36af Splash Screen com.example.cameratest#0 (45)
10-11 21:29:29.559   934  2704 I SurfaceFlinger: id=642 Removed 2d36af Splash Screen com.example.cameratest#0 (45)
10-11 21:29:29.559   934   934 I Layer   : id=642[1] Destroyed 2d36af Splash Screen com.example.cameratest#0
10-11 21:29:29.560   934  2704 I Layer   : id=641 removeFromCurrentState AppWindowToken{3a4a063 token=Token{d30ce92 ActivityRecord{4b13eeb u0 com.example.cameratest/.MainActivity t807}}}#0 (44)
10-11 21:29:29.561   934  2704 I SurfaceFlinger: id=641 Removed AppWindowToken{3a4a063 token=Token{d30ce92 ActivityRecord{4b13eeb u0 com.example.cameratest/.MainActivity t807}}}#0 (44)
10-11 21:29:29.566  1004  2340 D ActivityManagerPerformance: [Activity] prev: ActivityRecord{4b13eeb u0 com.example.cameratest/.MainActivity t-1 f}, cur: ActivityRecord{7dbe088 u0 com.sec.android.app.launcher/.activities.LauncherActivity t779}
10-11 21:29:29.572  1004  1336 D ViewRootImpl@5fb07b7[cameratest]: dispatchDetachedFromWindow
10-11 21:29:29.572   934  1513 I SurfaceFlinger: id=643 Removed Splash Screen com.example.cameratest#0 (44)
10-11 21:29:29.576   934   934 I Layer   : id=643[1] Destroyed Splash Screen com.example.cameratest#0
10-11 21:29:29.576   934   934 I Layer   : id=641[1] Destroyed AppWindowToken{3a4a063 token=Token{d30ce92 ActivityRecord{4b13eeb u0 com.example.cameratest/.MainActivity t807}}}#0
10-11 21:29:29.600  1004  1802 D PkgPredictorService-AufHitCalculation: processForegroundChanged process: com.example.cameratest uid:0 TotalCount:3 hit5: 2 [66%] hit10: 2 [66%] hit15: 2 [66%] hit20: 2 [66%] hit25: 2 [66%] hit30: 2 [66%] etc: 0 [0%]
10-11 21:29:29.613  2558  2558 D Launcher.AppsPagedView: addItems => id: 104, rank: 1, screenId: 2, cellX: 1, cellY: 0, container: -102, dirty: false, title: cameratest, isFolder: false, user: UserHandle{0}, disabled: false, screenType: 0
10-11 21:29:29.654  1004  1004 D seedbed-SeedbedPreloadController:  remove task removeUser:0 removeUid:10325 removepkgName:com.example.cameratest
10-11 21:29:29.805 23583 23638 D AppErrorNotification: errorType : 24, process : com.example.cameratest , uid : 0
10-11 21:29:30.004  1004  1335 W ActivityTaskManager: Activity top resumed state loss timeout for ActivityRecord{4b13eeb u0 com.example.cameratest/.MainActivity t-1 f}
10-11 21:29:30.626  1004  8962 I ActivityManager: Force stopping com.example.cameratest appid=10325 user=0: from 23657,2000
10-11 21:29:30.630  1004  1004 D SamsungAlarmManager: Remove alarm for next reason : android.intent.action.PACKAGE_RESTARTED : package: com.example.cameratest
10-11 21:29:30.637  1004  1353 W BroadcastQueue: Background execution not allowed: receiving Intent { act=android.intent.action.PACKAGE_RESTARTED dat=package:com.example.cameratest flg=0x10 (has extras) } to android/com.kddi.android.CpaNotiReceiver
10-11 21:29:30.645  1004  1352 D LauncherAppsService: onReceive: Intent { act=android.intent.action.PACKAGE_RESTARTED dat=package:com.example.cameratest flg=0x10 (has extras) }
10-11 21:29:30.844 23583 23638 D BatteryFasDaoImpl: Added p=com.example.cameratest uid=10325 key=-351505891
10-11 21:29:30.847 23583 23638 V FasUtils: There is com.example.cameratest [10325] in FAS table
10-11 21:29:30.850 23583 23638 D AppHistoryFactory: type : 20 / app : com.example.cameratest
10-11 21:29:30.854 18372 18530 D SmProvider: history summary insert : com.example.cameratest
10-11 21:29:30.869 23583 23638 W AppErrorNotification: Skip. com.example.cameratest is not notiable item
10-11 21:29:31.657  1004  1800 D seedbed-SeedbedAppInfoWrapper: insertAppInfoToLists uid:10325 pkgname:com.example.cameratest
10-11 21:29:31.657  1004  1800 D seedbed-SeedbedPreloadController: com.example.cameratest insert time is:2024-10-11 21:29:31 alarm will be triggered at time:2024-10-12 21:29:31
10-11 21:29:31.658  1004  1800 D seedbed-SeedbedPreloadController: Sent Action=com.samsung.DO_SEEDBED_LAUNCH pkg = com.example.cameratest type: seedbed
10-11 21:29:31.658  1004  2436 I ActivityManager: [SD] app:com.example.cameratest is exist findPkgforMl:false  isOnMemory:false
10-11 21:29:31.658  1004  2436 D ActivityManager: [SD] starting seedbed userId:0  com.example.cameratest
10-11 21:29:31.664  1004  2436 I ApplicationPolicy: isApplicationExternalStorageWhitelisted:com.example.cameratest user:0
10-11 21:29:31.664  1004  2436 D ActivityManager: package  com.example.cameratest, user - 0 is SDcard whitelisted
10-11 21:29:31.664  1004  2436 I ApplicationPolicy: isApplicationExternalStorageBlacklisted:com.example.cameratest user:0
10-11 21:29:31.665  1004  2436 I ApplicationPolicy: isApplicationExternalStorageBlacklisted:com.example.cameratest user:0
10-11 21:29:31.666  1004  2436 D ActivityManager: [SD] preload com.example.cameratest success
10-11 21:29:31.667  1004  1004 D PkgPredictorService-NapPreloadController: Get reply pkgName = com.example.cameratest type = seedbed uid = 0
10-11 21:29:31.682  1004  1354 I ActivityManager: Start proc 23666:com.example.cameratest/u0a325 for mllaunch {com.example.cameratest/com.example.cameratest.MainActivity}
10-11 21:29:31.718  1004  2149 I ActivityManager: DSS OFF for com.example.cameratest
10-11 21:29:32.605  1004  1800 I DexPreloader:  start a thread to run dex2oat task for pkg:com.example.cameratest
10-11 21:29:37.762   934  1108 I SurfaceFlinger: id=649 Removed dd11539 Waiting For Debugger: com.example.cameratest#0 (40)
10-11 21:29:37.765   934   934 I Layer   : id=649[1] Destroyed dd11539 Waiting For Debugger: com.example.cameratest#0
10-11 21:29:37.771  1004  1800 I PackageManager.DexOptimizer: Running dexopt (dexoptNeeded=1) on: /data/app/com.example.cameratest-AB8IQxba-Bv0Yhw6nVhYlg==/base.apk pkg=com.example.cameratest isa=arm64 dexoptFlags=boot_complete,debuggable,public,idle_background_job,enable_hidden_api_checks targetFilter=quicken oatDir=/data/app/com.example.cameratest-AB8IQxba-Bv0Yhw6nVhYlg==/oat classLoaderContext=PCL[] dexMetadataPath=null
10-11 21:29:37.772  1031 22461 V installd: DexInv: --- BEGIN '/data/app/com.example.cameratest-AB8IQxba-Bv0Yhw6nVhYlg==/base.apk' ---
10-11 21:29:37.830 23749 23749 I dex2oat : /apex/com.android.runtime/bin/dex2oat --zip-fd=10 --zip-location=base.apk --input-vdex-fd=-1 --output-vdex-fd=12 --oat-fd=11 --oat-location=/data/app/com.example.cameratest-AB8IQxba-Bv0Yhw6nVhYlg==/oat/arm64/base.odex --instruction-set=arm64 --instruction-set-variant=kryo300 --instruction-set-features=default --runtime-arg -Xbootclasspath:/apex/com.android.runtime/javalib/core-oj.jar:/apex/com.android.runtime/javalib/core-libart.jar:/apex/com.android.runtime/javalib/okhttp.jar:/apex/com.android.runtime/javalib/bouncycastle.jar:/apex/com.android.runtime/javalib/apache-xml.jar:/system/framework/framework.jar:/system/framework/ext.jar:/system/framework/telephony-common.jar:/system/framework/voip-common.jar:/system/framework/ims-common.jar:/system/framework/knoxsdk.jar:/system/framework/knoxanalyticssdk.jar:/system/framework/smartbondingservice.jar:/system/framework/securetimersdk.jar:/system/framework/fipstimakeystore.jar:/system/framework/timakeystore.jar:/system/framework/sec_sdp_sdk.jar:/system/framework/sec
10-11 21:29:39.331  1004  1923 I Pageboost: start active launch : com.example.cameratest
10-11 21:29:39.331  1004  1953 I Pageboost: active launch for : com.example.cameratest , 1
10-11 21:29:39.332  3262 23882 E pageboostd: active launch start : app comexamplecameratest
10-11 21:29:39.332  3262 23882 E pageboostd: comexamplecameratest, amt 0 scnt 0 fcnt 0
10-11 21:29:39.332  3262 23882 E pageboostd: comexamplecameratest, amt 0 scnt 0 fcnt 0
10-11 21:29:39.332  3262 23882 E pageboostd: active launch end : app comexamplecameratest data_amount 0
10-11 21:29:39.717  2558  2558 D PopupContainerWithArrow: Inflate QuickOption view AppInfo(id=104 type=APP hidden=0 container=-102 screen=2 rank=1 user=UserHandle{0} title=cameratest componentName=ComponentInfo{com.example.cameratest/com.example.cameratest.MainActivity} screenType=0), global shortcuts : 4, shortcutCount : 0, Notifications : 0
10-11 21:29:39.727  2558  2558 D AppsDragDelegate: Start drag item id=104, container=-102, screen=2, rank=1, cellX=1, cellY=0, title=cameratest
10-11 21:29:40.047 23749 23749 I ApkToolkit: Use APK V2 signature. APK: /data/app/com.example.cameratest-AB8IQxba-Bv0Yhw6nVhYlg==/base.apk
10-11 21:29:40.137  1031 22461 V installd: DexInv: --- END '/data/app/com.example.cameratest-AB8IQxba-Bv0Yhw6nVhYlg==/base.apk' (success) ---
10-11 21:29:40.137  1004  1800 I PackageManager.DexOptimizer: do mInstaller.syncDexopt : com.example.cameratest
10-11 21:29:41.138  1004  1800 I BackgroundDexOptService: Pinning optimized code {com.example.cameratest}
10-11 21:29:41.178 16672 16672 I AppButtonsPrefCtl: AppButton refreshUI for Pkg : com.example.cameratest
10-11 21:29:41.194 16672 16672 D AppButtonsPrefCtl: Sending broadcast to query restart status for com.example.cameratest
10-11 21:29:41.359  2558  8904 D AppsModelWriter: normalizeVisibleItems(visibleItems)> 0, 104, 0, -102, 2, 1, UserHandle{0}, 0, cameratest, -1, -1
10-11 21:29:41.554 16672 16672 I AppIconSolution: return adaptive icon for com.example.cameratest
10-11 21:29:41.568 16672 16672 I AppIconSolution: return adaptive icon for com.example.cameratest
10-11 21:29:41.571 16672 16672 I AppIconSolution: return adaptive icon for com.example.cameratest
10-11 21:29:41.643 18414 18823 W Role    : com.example.cameratest not qualified for android.app.role.HOME due to missing RequiredComponent{mIntentFilterData=IntentFilterData{mAction='android.intent.action.MAIN', mCategories='[android.intent.category.HOME]', mDataScheme='null', mDataType='null'}, mPermission='null', mMetaData=[]}
10-11 21:29:41.644 18414 18823 W Role    : com.example.cameratest not qualified for android.app.role.HOME due to missing RequiredComponent{mIntentFilterData=IntentFilterData{mAction='android.intent.action.MAIN', mCategories='[android.intent.category.HOME]', mDataScheme='null', mDataType='null'}, mPermission='null', mMetaData=[]}
10-11 21:29:41.645 18414 18951 W Role    : com.example.cameratest not qualified for android.app.role.HOME due to missing RequiredComponent{mIntentFilterData=IntentFilterData{mAction='android.intent.action.MAIN', mCategories='[android.intent.category.HOME]', mDataScheme='null', mDataType='null'}, mPermission='null', mMetaData=[]}
10-11 21:29:41.648 18414 18951 W Role    : com.example.cameratest not qualified for android.app.role.DIALER due to missing RequiredComponent{mIntentFilterData=IntentFilterData{mAction='android.intent.action.DIAL', mCategories='[]', mDataScheme='null', mDataType='null'}, mPermission='null', mMetaData=[]}
10-11 21:29:41.662 18414 18951 W Role    : com.example.cameratest not qualified for android.app.role.SMS due to missing RequiredComponent{mIntentFilterData=IntentFilterData{mAction='android.provider.Telephony.SMS_DELIVER', mCategories='[]', mDataScheme='null', mDataType='null'}, mPermission='android.permission.BROADCAST_SMS', mMetaData=[]}
10-11 21:29:41.832 16672 16672 I AppIconSolution: return adaptive icon for com.example.cameratest
10-11 21:29:41.837 16672 16672 I AppIconSolution: return adaptive icon for com.example.cameratest
10-11 21:29:42.027  1004  1352 D LauncherAppsService: onReceive: Intent { act=android.intent.action.QUERY_PACKAGE_RESTART dat=package:com.example.cameratest flg=0x10 (has extras) }
10-11 21:29:42.043 16672 16672 D AppButtonsPrefCtl: Got broadcast response: Restart status for com.example.cameratest true
10-11 21:29:42.428  1004  1800 I BackgroundDexOptService: Pinning optimized code {com.example.cameratest}
10-11 21:29:42.438  1004  1800 D PkgPredictorService: previous pkgs: com.android.settings,com.example.cameratest,com.android.settings running pkg: com.android.settings, uid: 0 is system: true
10-11 21:29:42.439  1004  1800 D PkgPredictorService-Collector:  (hour:21 day:6 previous:[com.android.settings, com.example.cameratest, com.android.settings] activityName:unknown running:com.android.settings userId:0 screenOrientation:0 wifi:1 bt:1 predictTime:6 apkVersion:10 consumeTime:-1 preloaded:false>)
10-11 21:29:42.548 16672 16672 I AppIconSolution: return adaptive icon for com.example.cameratest
10-11 21:29:42.582 16672 16672 I AppIconSolution: return adaptive icon for com.example.cameratest
10-11 21:29:42.608 16672 16672 I AppButtonsPrefCtl: AppButton refreshUI for Pkg : com.example.cameratest
10-11 21:29:42.621 16672 16672 D AppButtonsPrefCtl: Sending broadcast to query restart status for com.example.cameratest
10-11 21:29:42.919  2558  8904 D AppsModelWriter: normalizeVisibleItems(visibleItems)> 0, 104, 0, -102, 2, 1, UserHandle{0}, 0, cameratest, -1, -1
10-11 21:29:42.972  1004  1352 D LauncherAppsService: onReceive: Intent { act=android.intent.action.QUERY_PACKAGE_RESTART dat=package:com.example.cameratest flg=0x10 (has extras) }
10-11 21:29:42.997 16672 16672 D AppButtonsPrefCtl: Got broadcast response: Restart status for com.example.cameratest true
10-11 21:29:43.908 18414 18414 V ManagePermsFragment: AppPermissionFragment view logged with sessionId=4986016608004641208 viewId=-1569662202982844957 permissionGroupName=android.permission-group.CAMERA uid=10325 packageName=com.example.cameratest category=3
10-11 21:29:45.225 18414 18414 V AppPermissionFragment: AppPermission fragment viewed with sessionId=4986016608004641208 uid=10325 packageName=com.example.cameratest permissionGroupName=android.permission-group.CAMERA
10-11 21:29:46.114 18414 18414 V AppPermissionFragment: Permission changed via UI with sessionId=4986016608004641208 changeId=-1006982927194456127 uid=10325 packageName=com.example.cameratest permission=android.permission.CAMERA isGranted=true
10-11 21:29:50.769 16672 16672 I AppButtonsPrefCtl: AppButton refreshUI for Pkg : com.example.cameratest
10-11 21:29:50.771  1004  1800 D PkgPredictorService: previous pkgs: com.android.settings,com.android.settings,com.example.cameratest running pkg: com.android.settings, uid: 0 is system: true
10-11 21:29:50.772  1004  1800 D PkgPredictorService-Collector:  (hour:21 day:6 previous:[com.android.settings, com.android.settings, com.example.cameratest] activityName:unknown running:com.android.settings userId:0 screenOrientation:0 wifi:1 bt:1 predictTime:1 apkVersion:10 consumeTime:-1 preloaded:false>)
10-11 21:29:50.774 16672 16672 D AppButtonsPrefCtl: Sending broadcast to query restart status for com.example.cameratest
10-11 21:29:50.833  1004  1352 D LauncherAppsService: onReceive: Intent { act=android.intent.action.QUERY_PACKAGE_RESTART dat=package:com.example.cameratest flg=0x10 (has extras) }
10-11 21:29:51.039 16672 16672 I AppIconSolution: return adaptive icon for com.example.cameratest
10-11 21:29:51.045 16672 16672 I AppIconSolution: return adaptive icon for com.example.cameratest
10-11 21:29:51.048 16672 16672 I AppIconSolution: return adaptive icon for com.example.cameratest
10-11 21:29:51.070 16672 16672 D AppButtonsPrefCtl: Got broadcast response: Restart status for com.example.cameratest true
10-11 21:29:52.908  1004  1923 I Pageboost: start active launch : com.example.cameratest
10-11 21:29:52.908  1004  1953 I Pageboost: active launch for : com.example.cameratest , 1
10-11 21:29:52.909  3262 24352 E pageboostd: active launch start : app comexamplecameratest
10-11 21:29:52.915  3262 24352 E pageboostd: comexamplecameratest, amt 0 scnt 0 fcnt 0
10-11 21:29:52.915  3262 24352 E pageboostd: comexamplecameratest, amt 0 scnt 0 fcnt 0
10-11 21:29:52.915  3262 24352 E pageboostd: active launch end : app comexamplecameratest data_amount 0
10-11 21:29:52.929  1004  2552 I ActivityTaskManager: START u0 {act=android.intent.action.MAIN typ=null flg=0x10200000 cmp=ComponentInfo{com.example.cameratest/com.example.cameratest.MainActivity}} from uid 10149
10-11 21:29:52.929  1004  2552 D ApplicationPolicy: getApplicationStateEnabled : pkg = com.example.cameratest userId : 0
10-11 21:29:52.930  1004  2552 D ActivityManagerPerformance: onActivityStartLocked() r: com.example.cameratest (ActivityRecord{a13dfc8 u0 com.example.cameratest/.MainActivity t-1})
10-11 21:29:52.930  1004  2552 D ActivityManagerPerformance: setBoosterAppSwitch() onoff: true, r: com.example.cameratest (ActivityRecord{a13dfc8 u0 com.example.cameratest/.MainActivity t-1}), curBoost: null (null)
10-11 21:29:52.931  1004  2739 D ActivityManagerPerformance: Received MSG_CFMS_HINT_AMS_SWITCH pkgName: com.example.cameratest
10-11 21:29:52.931  1004  2552 D ActivityTaskManager: MultiTaskingTaskLaunchParamsModifier:task=null activity=ActivityRecord{a13dfc8 u0 com.example.cameratest/.MainActivity t-1} display-from-source=0 display-id=0 display-windowing-mode=1
10-11 21:29:52.932  1004  2552 D ActivityTaskManager: MultiTaskingTaskLaunchParamsModifier:task=null activity=ActivityRecord{a13dfc8 u0 com.example.cameratest/.MainActivity t-1} display-from-source=0 display-id=0 display-windowing-mode=1 activity-options-fullscreen=Rect(0, 0 - 0, 0) non-freeform-display maximized-bounds
10-11 21:29:52.933  1004  2552 D ActivityTaskManager: MultiTaskingTaskLaunchParamsModifier:task=TaskRecord{f0699e3 #809 A=com.example.cameratest U=0 StackId=30 sz=0} activity=ActivityRecord{a13dfc8 u0 com.example.cameratest/.MainActivity t-1} display-from-task=0 display-id=0 display-windowing-mode=1 activity-options-fullscreen=Rect(0, 0 - 0, 0) non-freeform-display maximized-bounds
10-11 21:29:52.934  1004  2552 I WindowManager: isChangeTransitionBlockedByCommonPolicy: false, AppWindowToken{dc9c299 token=Token{144dfe0 ActivityRecord{a13dfc8 u0 com.example.cameratest/.MainActivity t809}}}, Thumb=null, isReallyAnimating=false, TransitChangeLeash=null, DisplayFrozen=false, RotationAnim=null, Stack=null, isVisible=true, SC=null)
10-11 21:29:52.934  1004  2552 I WindowManager: isChangeTransitionBlockedByCommonPolicy: false, AppWindowToken{dc9c299 token=Token{144dfe0 ActivityRecord{a13dfc8 u0 com.example.cameratest/.MainActivity t809}}}, Thumb=null, isReallyAnimating=false, TransitChangeLeash=null, DisplayFrozen=false, RotationAnim=null, Stack={stackId=30 tasks=[{taskId=809 appTokens=[AppWindowToken{dc9c299 token=Token{144dfe0 ActivityRecord{a13dfc8 u0 com.example.cameratest/.MainActivity t809}}}] mdr=false}]}, isVisible=false, SC=null)
10-11 21:29:52.934  1004  2552 I WindowManager: isChangeTransitionBlockedByCommonPolicy: false, AppWindowToken{dc9c299 token=Token{144dfe0 ActivityRecord{a13dfc8 u0 com.example.cameratest/.MainActivity t809}}}, Thumb=null, isReallyAnimating=false, TransitChangeLeash=null, DisplayFrozen=false, RotationAnim=null, Stack={stackId=30 tasks=[{taskId=809 appTokens=[AppWindowToken{dc9c299 token=Token{144dfe0 ActivityRecord{a13dfc8 u0 com.example.cameratest/.MainActivity t809}}}] mdr=false}]}, isVisible=false, SC=null)
10-11 21:29:52.934   934  1108 I SurfaceFlinger: id=707 createSurf (0x0),-1 flag=80004, AppWindowToken{dc9c299 token=Token{144dfe0 ActivityRecord{a13dfc8 u0 com.example.cameratest/.MainActivity t809}}}#0
10-11 21:29:52.937  1004  1335 D GameManagerService: MultiWindowEventListener.onFocusedStackChanged(), state=0, top=ComponentInfo{com.example.cameratest/com.example.cameratest.MainActivity}
10-11 21:29:52.937  1004  1335 D GameManagerService: MultiWindowEventListener.onFocusedStackChanged(), pkgName: com.example.cameratest, clsName: com.example.cameratest.MainActivity, FgActivityName:com.example.cameratest/.MainActivity, userID:0
10-11 21:29:52.937  1004  2552 D ActivityManagerPerformance: onActivityResumeLocked() r: com.example.cameratest (ActivityRecord{a13dfc8 u0 com.example.cameratest/.MainActivity t809})
10-11 21:29:52.937  1004  2552 D ActivityManagerPerformance: onActivityResumeLocked() skipped. already boosted com.example.cameratest
10-11 21:29:52.937  1004  1919 D GameManagerService: onLooperPrepared(), msg: { when=0 what=10000 obj=ComponentInfo{com.example.cameratest/com.example.cameratest.MainActivity} target=com.samsung.android.game.GameManagerService$FgCheckThread$1 }
10-11 21:29:52.937  1004  1919 D GameManagerService: notifyResumePause(). of pkg: com.example.cameratest, type: 4, isMinimized: false, isTunableApp: false
10-11 21:29:52.937  1004  2552 D DexController: already in same display: ProcessRecord{6481a0c 23666:com.example.cameratest/u0a325}
10-11 21:29:52.937  1004  1336 D PhoneWindow: forceLight changed to true [Splash Screen com.example.cameratest] from com.android.internal.policy.PhoneWindow.updateForceLightNavigationBar:4274 com.android.internal.policy.DecorView.updateColorViews:1547 com.android.internal.policy.PhoneWindow.dispatchWindowAttributesChanged:3252 android.view.Window.setFlags:1153 com.android.internal.policy.PhoneWindow.generateLayout:2474 
10-11 21:29:52.938  1004  2552 D ActivityTaskManager: root process false,809,23666,com.example.cameratest
10-11 21:29:52.939  1004  1004 I Pageboost: package com.example.cameratest
10-11 21:29:52.939  1004  1953 I Pageboost: Record App IO : com.example.cameratest pid 23666
10-11 21:29:52.940  1004  2552 D GamePkgDataHelper: notifyAppCreate(), pkgName: com.example.cameratest, sendRet: true
10-11 21:29:52.940  1004  1919 D GameManagerService: onLooperPrepared(), msg: { when=0 what=10010 obj=com.example.cameratest target=com.samsung.android.game.GameManagerService$FgCheckThread$1 }
10-11 21:29:52.940  1004  1919 D GameManagerService: handleMessage(), received MSG_APP_CREATE of pkgName: com.example.cameratest
10-11 21:29:52.940  1004  2552 D ActivityManagerPerformance: [Activity] prev: ActivityRecord{7dbe088 u0 com.sec.android.app.launcher/.activities.LauncherActivity t779}, cur: ActivityRecord{a13dfc8 u0 com.example.cameratest/.MainActivity t809}
10-11 21:29:52.940  1004  2552 V ActivityTaskManager: markDedicatedIfNeeded com.example.cameratest, 0,{}
10-11 21:29:52.941  1004  2552 D MARsPolicyManager: onPackageResumedFG pkgName = com.example.cameratest, userId = 0
10-11 21:29:52.944   934  1108 I SurfaceFlinger: id=708 createSurf (0x0),-1 flag=80004, 703c937 Splash Screen com.example.cameratest#0
10-11 21:29:52.944  1004  1336 D ViewRootImpl@56a8636[cameratest]: setView = com.android.internal.policy.DecorView@b759ea4 TM=true MM=false
10-11 21:29:52.945  1004  1336 V WindowManager: Relayout Window{703c937 u0 Splash Screen com.example.cameratest}: viewVisibility=0 req=1080x2400
10-11 21:29:52.945   934  1512 I SurfaceFlinger: id=709 createSurf (1080x2400),1 flag=404, Splash Screen com.example.cameratest#0
10-11 21:29:52.946  1004  1336 D WindowManager: makeSurface duration=1 name=Splash Screen com.example.cameratest
10-11 21:29:52.947  1004  1336 D ViewRootImpl@56a8636[cameratest]: Relayout returned: old=(0,0,1080,2400) new=(0,0,1080,2400) req=(1080,2400)0 dur=3 res=0x7 s={true 522696740864} ch=true
10-11 21:29:52.947  1004  1336 D ViewRootImpl@56a8636[cameratest]: [DrawPending] drawPending(1) 1 android.view.ViewRootImpl.reportNextDraw:9898 android.view.ViewRootImpl.performTraversals:3306 android.view.ViewRootImpl.doTraversal:2199 
10-11 21:29:52.951  1004  1800 D seedbed-SeedbedAppInfoWrapper: AppInfoLists uid:10325 pkgname:com.example.cameratest exist
10-11 21:29:52.952  1004  1333 D CodecSolution: isMaxAspectPackageEx: com.example.cameratest : false(0)
10-11 21:29:52.952  1004  1800 D seedbed-SeedbedPreloadController: processForegroundChanged: com.example.cameratest
10-11 21:29:52.952  1004  1800 D PkgPredictorService: com.example.cameratest go to foreground!
10-11 21:29:52.952  1004  1336 D ViewRootImpl@56a8636[cameratest]: [DrawPending] pendingDrawFinished(0) 1 android.view.ViewRootImpl.performDraw:4105 android.view.ViewRootImpl.performTraversals:3319 android.view.ViewRootImpl.doTraversal:2199 
10-11 21:29:52.952  1004  1336 D ViewRootImpl@56a8636[cameratest]: [DrawPending] reportDrawFinished()
10-11 21:29:52.953  1004  1800 D PkgPredictorService: previous pkgs: com.example.cameratest,com.android.settings,com.android.settings running pkg: com.example.cameratest, uid: 0 is system: false
10-11 21:29:52.953  1004  1800 D PkgPredictorService-Collector:  (hour:21 day:6 previous:[com.example.cameratest, com.android.settings, com.android.settings] activityName:unknown running:com.example.cameratest userId:0 screenOrientation:0 wifi:1 bt:1 predictTime:0 apkVersion:1.0 consumeTime:-1 preloaded:false>)
10-11 21:29:52.953  1004  1800 D PkgPredictorService-NapPreloadController: User using: com.example.cameratest
10-11 21:29:52.954  1004  1336 D WindowManager: finishDrawingWindow: Window{703c937 u0 Splash Screen com.example.cameratest} mDrawState=DRAW_PENDING
10-11 21:29:52.954  1004  1800 D seedbed-SeedbedAppInfoWrapper: AppInfoLists uid:10325 pkgname:com.example.cameratest exist
10-11 21:29:52.954  1004  1333 I PerfSDKService: Current foregroundpackage name : com.example.cameratest
10-11 21:29:52.954  1004  1800 D seedbed-SeedbedAppInfoWrapper: deleteAppInfoFromLists uid:10325 pkgname:com.example.cameratest
10-11 21:29:52.954  1004  1800 D seedbed-SeedbedAppInfoWrapper: delete:com.example.cameratestlen:0
10-11 21:29:52.955  1004  1335 D WifiTransportLayerMonitor: IUsageStatsWatcher pause package changed: com.example.cameratest
10-11 21:29:52.955  1004  1335 D WifiTransportLayerMonitor: getOrCreatePackageInfo - 10325 com.example.cameratest
10-11 21:29:52.955 25901 26364 I SAMSUNGWALLET: [Hint_SimpleHintProcessMonitor] isHomePackageRunning topPkgName = com.example.cameratest, topClsName = com.example.cameratest.MainActivity, return false , se : false
10-11 21:29:52.955  1004  1877 D WifiTransportLayerMonitor.PackageUpdateHandler: MSG_UPDATE_CATEGORY - com.example.cameratest
10-11 21:29:52.955  1004  1336 V WindowManager: performShow on Window{703c937 u0 Splash Screen com.example.cameratest}: mDrawState=READY_TO_SHOW readyForDisplay=false starting=true during animation: policyVis=true parentHidden=false tok.hiddenRequested=false tok.hidden=true animating=true tok animating=true Callers=com.android.server.wm.WindowState.performShowLocked:4753 com.android.server.wm.WindowStateAnimator.commitFinishDrawingLocked:396 com.android.server.wm.DisplayContent.lambda$new$8$DisplayContent:993 com.android.server.wm.-$$Lambda$DisplayContent$qxt4izS31fb0LF2uo_OF9DMa7gc.accept:4 
10-11 21:29:52.957  1004  1336 D RemoteAnimationController: createAnimationAdapter(): token=AppWindowToken{dc9c299 token=Token{144dfe0 ActivityRecord{a13dfc8 u0 com.example.cameratest/.MainActivity t809}}}
10-11 21:29:52.957  1004  1336 I WindowManager: Reparenting to leash, surface=Surface(name=AppWindowToken{dc9c299 token=Token{144dfe0 ActivityRecord{a13dfc8 u0 com.example.cameratest/.MainActivity t809}}})/@0xe5ca82f, caller=com.android.server.wm.SurfaceAnimator.startAnimation:130 com.android.server.wm.WindowContainer.startAnimation:1296 com.android.server.wm.AppWindowToken.applyAnimationLocked:3573 
10-11 21:29:52.957   934  2704 I SurfaceFlinger: id=711 createSurf (0x0),-1 flag=80004, Surface(name=AppWindowToken{dc9c299 token=Token{144dfe0 ActivityRecord{a13dfc8 u0 com.example.cameratest/.MainActivity t809}}})/@0xe5ca82f - animation-leash#0
10-11 21:29:52.958  1004  1336 D WindowManager: makeSurface duration=1 leash=Surface(name=Surface(name=AppWindowToken{dc9c299 token=Token{144dfe0 ActivityRecord{a13dfc8 u0 com.example.cameratest/.MainActivity t809}}})/@0xe5ca82f - animation-leash)/@0xc0c1e3c
10-11 21:29:52.959  1004  1800 D seedbed-SeedbedPreloadController: Sent pkg = com.example.cameratest uid:10325 changePackageADJ type: 1
10-11 21:29:52.959  1004  2436 D ActivityManager: [SD] seedbedListout pkg:com.example.cameratest out type=1
10-11 21:29:52.959  1004  2436 D ActivityManager: [SD] seedbedListout pkg:com.example.cameratest out type=ACTION_LISTOUT_NORMAL_LAUNCH
10-11 21:29:52.959  1004  1336 D RemoteAnimationController: 	Add token=AppWindowToken{dc9c299 token=Token{144dfe0 ActivityRecord{a13dfc8 u0 com.example.cameratest/.MainActivity t809}}}
10-11 21:29:52.960  1004  1336 I RemoteAnimationController: token=AppWindowToken{dc9c299 token=Token{144dfe0 ActivityRecord{a13dfc8 u0 com.example.cameratest/.MainActivity t809}}}
10-11 21:29:52.960  1004  1336 I RemoteAnimationController:   leash=Surface(name=Surface(name=AppWindowToken{dc9c299 token=Token{144dfe0 ActivityRecord{a13dfc8 u0 com.example.cameratest/.MainActivity t809}}})/@0xe5ca82f - animation-leash)/@0xc0c1e3c
10-11 21:29:52.961  1004  1336 D ViewRootImpl@56a8636[cameratest]: MSG_RESIZED: frame=(0,0,1080,2400) ci=(0,90,0,135) vi=(0,90,0,135) or=1
10-11 21:29:52.962  1004  1333 I IWCMonitor: com.example.cameratest (10325) has came on foreground
10-11 21:29:52.964  1004  2552 D GamePkgDataHelper: getSosPolicy(). com.example.cameratest
10-11 21:29:52.964  1004  1335 D GamePkgDataHelper: getSosPolicy(). com.example.cameratest
10-11 21:29:52.964  9244  9299 D [AirCmd]_RemoteSpenMainController: hasGeneralAction : packageName is com.example.cameratest, activityName is com.example.cameratest.MainActivity, hasActions is false
10-11 21:29:52.966  1004  1335 D GameManagerService: identifyGamePackage. com.example.cameratest, mCurrentUserId: 0, callerUserId: 0
10-11 21:29:52.966  1004  1335 D GamePkgDataHelper: getGamePkgData(). com.example.cameratest
10-11 21:29:52.966  1004  1335 D GameManagerService: noteResumeComponent(), received resumed-component: com.example.cameratest
10-11 21:29:52.966  1004  1919 D GameManagerService: onLooperPrepared(), msg: { when=0 what=10000 obj=ComponentInfo{com.example.cameratest/com.example.cameratest.MainActivity} target=com.samsung.android.game.GameManagerService$FgCheckThread$1 }
10-11 21:29:52.966  1004  1919 D GameManagerService: notifyResumePause(). of pkg: com.example.cameratest, type: 4, isMinimized: false, isTunableApp: false
10-11 21:29:52.969  1004  1333 D WindowManager: setSystemUiVisibility: displayId=0, vis=0x8018, fullVis=0x0, dockVis=0x0, win=Window{703c937 u0 Splash Screen com.example.cameratest}
10-11 21:29:52.969  9244  9299 D [AirCmd]_RemoteSpenMainController: onSwitch : package is com.example.cameratest   and activity is com.example.cameratest.MainActivity and isBleConnected is true and hasActions is false
10-11 21:29:52.977 23666 23666 E AndroidRuntime: Process: com.example.cameratest, PID: 23666
10-11 21:29:52.977 23666 23666 E AndroidRuntime: java.lang.RuntimeException: Unable to instantiate activity ComponentInfo{com.example.cameratest/com.example.cameratest.MainActivity}: java.lang.ClassNotFoundException: Didn't find class "com.example.cameratest.MainActivity" on path: DexPathList[[zip file "/data/app/com.example.cameratest-AB8IQxba-Bv0Yhw6nVhYlg==/base.apk"],nativeLibraryDirectories=[/data/app/com.example.cameratest-AB8IQxba-Bv0Yhw6nVhYlg==/lib/arm64, /data/app/com.example.cameratest-AB8IQxba-Bv0Yhw6nVhYlg==/base.apk!/lib/arm64-v8a, /system/lib64, /product/lib64]]
10-11 21:29:52.977 23666 23666 E AndroidRuntime: Caused by: java.lang.ClassNotFoundException: Didn't find class "com.example.cameratest.MainActivity" on path: DexPathList[[zip file "/data/app/com.example.cameratest-AB8IQxba-Bv0Yhw6nVhYlg==/base.apk"],nativeLibraryDirectories=[/data/app/com.example.cameratest-AB8IQxba-Bv0Yhw6nVhYlg==/lib/arm64, /data/app/com.example.cameratest-AB8IQxba-Bv0Yhw6nVhYlg==/base.apk!/lib/arm64-v8a, /system/lib64, /product/lib64]]
10-11 21:29:52.994   934   934 I SurfaceFlinger:      CLIENT | 0x712b437e00 | 0002 | RGBA_8888 |   0.0  233.0 1080.0 1313.0 |  323  336  507  520 | Splash Screen com.example.cameratest#0
10-11 21:29:53.080  1004  1994 D MdnieScenarioControlService:  packageName : com.example.cameratest    className : com.example.cameratest.MainActivity
10-11 21:29:53.178  1004  1877 W WifiTransportLayerUtils: getApplicationCategory - IOException com.example.cameratest
10-11 21:29:53.323  1004  8958 I WindowManager: Reparenting to original parent: Surface(name=Task=809)/@0x85f2558, destroyLeash=true, surface=Surface(name=AppWindowToken{dc9c299 token=Token{144dfe0 ActivityRecord{a13dfc8 u0 com.example.cameratest/.MainActivity t809}}})/@0xe5ca82f, caller=com.android.server.wm.SurfaceAnimator.lambda$getFinishedCallback$0$SurfaceAnimator:98 com.android.server.wm.-$$Lambda$SurfaceAnimator$M9kRDTUpVS03LTqe-QLQz3DnMhk.run:6 com.android.server.wm.SurfaceAnimator.lambda$getFinishedCallback$1$SurfaceAnimator:104 
10-11 21:29:53.323  1004  8958 I DexWindowController: notifyAppTransitionFinishedIfNeeded: AppWindowToken{dc9c299 token=Token{144dfe0 ActivityRecord{a13dfc8 u0 com.example.cameratest/.MainActivity t809}}} callers=com.android.server.wm.MultiTaskingWindowManager.notifyAppTransitionFinishedIfNeeded:438 com.android.server.wm.WindowManagerService$4.onAppTransitionFinishedLocked:1045 com.android.server.wm.AppTransition.notifyAppTransitionFinishedLocked:541 
10-11 21:29:53.323  1004  8958 D RemoteAnimationController: 	AppWindowToken{dc9c299 token=Token{144dfe0 ActivityRecord{a13dfc8 u0 com.example.cameratest/.MainActivity t809}}}
10-11 21:29:53.325   934  2704 I Layer   : id=711 removeFromCurrentState Surface(name=AppWindowToken{dc9c299 token=Token{144dfe0 ActivityRecord{a13dfc8 u0 com.example.cameratest/.MainActivity t809}}})/@0xe5ca82f - animation-leash#0 (51)
10-11 21:29:53.339   934   934 E Layer   : [Surface(name=AppWindowToken{dc9c299 token=Token{144dfe0 ActivityRecord{a13dfc8 u0 com.example.cameratest/.MainActivity t809}}})/@0xe5ca82f - animation-leash#0] No local sync point found, barrierLayer : [com.sec.android.app.launcher/com.sec.android.app.launcher.activities.LauncherActivity$_2558#0]
10-11 21:29:53.342   934  1089 I SurfaceFlinger: id=711 Removed Surface(name=AppWindowToken{dc9c299 token=Token{144dfe0 ActivityRecord{a13dfc8 u0 com.example.cameratest/.MainActivity t809}}})/@0xe5ca82f - animation-leash#0 (51)
10-11 21:29:53.343   934   934 I SurfaceFlinger:      DEVICE | 0x712b437e00 | 0002 | RGBA_8888 |   0.0    0.0 1080.0 2400.0 |    0    0 1080 2400 | Splash Screen com.example.cameratest#0
10-11 21:29:53.355   934   934 I Layer   : id=711[1] Destroyed Surface(name=AppWindowToken{dc9c299 token=Token{144dfe0 ActivityRecord{a13dfc8 u0 com.example.cameratest/.MainActivity t809}}})/@0xe5ca82f - animation-leash#0
10-11 21:29:55.934  1004  2739 D ActivityManagerPerformance: Received MSG_DISABLE_APP_SWITCH, r: ActivityRecord{a13dfc8 u0 com.example.cameratest/.MainActivity t809}
10-11 21:29:55.934  1004  2739 D ActivityManagerPerformance: setBoosterAppSwitch() onoff: false, r: com.example.cameratest (ActivityRecord{a13dfc8 u0 com.example.cameratest/.MainActivity t809}), curBoost: com.example.cameratest (ActivityRecord{a13dfc8 u0 com.example.cameratest/.MainActivity t809})
10-11 21:29:55.934  1004  2739 D ActivityManagerPerformance: setBoosterTail() from AppSwitch, r: com.example.cameratest (ActivityRecord{a13dfc8 u0 com.example.cameratest/.MainActivity t809})
10-11 21:29:55.985  1004  2552 W ActivityManager: crash : com.example.cameratest,0
10-11 21:29:55.985  1004  2552 W ActivityTaskManager:   Force finishing activity com.example.cameratest/.MainActivity
10-11 21:29:55.997  1004  1333 I ActivityManager: Showing crash dialog for package com.example.cameratest u0
10-11 21:29:55.998  1004  1333 I MultiWindowDecorSupport: updateCaptionType >> DecorView@d8242a[cameratest], isFloating: true, isApplication: false, hasWindowDecorCaption: false, hasWindowControllerCallback: false
10-11 21:29:55.998  1004  1333 D MultiWindowDecorSupport: setCaptionType = 0, DecorView = DecorView@d8242a[cameratest]
10-11 21:29:56.007  1004  1333 D ViewRootImpl@c9be963[cameratest]: ThreadedRenderer.create() translucent=true
10-11 21:29:56.008 23583 24395 D AppErrorNotification: errorType : 24, process : com.example.cameratest , uid : 0
10-11 21:29:56.009   934  1108 I SurfaceFlinger: id=714 createSurf (0x0),-1 flag=80004, da5e19 Application Error: com.example.cameratest#0
10-11 21:29:56.009  1004  1333 V WindowManager: Changing focus from null to Window{da5e19 u0 Application Error: com.example.cameratest} displayId=0 Callers=com.android.server.wm.RootWindowContainer.updateFocusedWindowLocked:203 com.android.server.wm.WindowManagerService.updateFocusedWindowLocked:6462 com.android.server.wm.WindowManagerService.addWindow:1854 com.android.server.wm.Session.addToDisplay:167 android.view.ViewRootImpl.setView:1083 android.view.WindowManagerGlobal.addView:462 
10-11 21:29:56.009  1004  1333 D ViewRootImpl@c9be963[cameratest]: setView = com.android.internal.policy.DecorView@d8242a TM=true MM=false
10-11 21:29:56.010  1004  1335 I WindowManager: Focus moving from null to Window{da5e19 u0 Application Error: com.example.cameratest} displayId=0
10-11 21:29:56.010  1004  1335 I WindowManager: Gaining focus: Window{da5e19 u0 Application Error: com.example.cameratest}
10-11 21:29:56.026  1004  1333 V WindowManager: Relayout Window{da5e19 u0 Application Error: com.example.cameratest}: viewVisibility=0 req=1080x587
10-11 21:29:56.028   934  2704 I SurfaceFlinger: id=715 createSurf (1092x599),1 flag=4, Application Error: com.example.cameratest#0
10-11 21:29:56.028  1004  1333 D WindowManager: makeSurface duration=1 name=Application Error: com.example.cameratest
10-11 21:29:56.030  1004  1333 D ViewRootImpl@c9be963[cameratest]: Relayout returned: old=(0,90,1080,2265) new=(0,1678,1080,2265) req=(1080,587)0 dur=4 res=0x7 s={true 520568868864} ch=true
10-11 21:29:56.030  1004  1333 D ViewRootImpl@c9be963[cameratest]: mThreadedRenderer.initialize() mSurface={isValid=true 520568868864} hwInitialized=true
10-11 21:29:56.031  1004  1333 D ViewRootImpl@c9be963[cameratest]: [DrawPending] drawPending(1) 1 android.view.ViewRootImpl.reportNextDraw:9898 android.view.ViewRootImpl.performTraversals:3306 android.view.ViewRootImpl.doTraversal:2199 
10-11 21:29:56.031  1004  1333 D ViewRootImpl@c9be963[cameratest]: [DrawPending] performDraw() Waiting asnyc report
10-11 21:29:56.054  1004  1336 D ViewRootImpl@56a8636[cameratest]: dispatchDetachedFromWindow
10-11 21:29:56.054  1004  1336 I WindowManager: Destroying surface Surface(name=Splash Screen com.example.cameratest)/@0xe4c029a called by com.android.server.wm.WindowStateAnimator.destroySurface:1783 com.android.server.wm.WindowStateAnimator.destroySurfaceLocked:713 com.android.server.wm.WindowState.removeImmediately:2359 com.android.server.wm.WindowState.removeIfPossible:2503 com.android.server.wm.WindowState.removeIfPossible:2382 com.android.server.wm.WindowManagerService.removeWindow:2060 com.android.server.wm.Session.remove:184 android.view.ViewRootImpl.dispatchDetachedFromWindow:4926 
10-11 21:29:56.054   934  2704 I Layer   : id=709 removeFromCurrentState Splash Screen com.example.cameratest#0 (51)
10-11 21:29:56.055  1004  1333 D ViewRootImpl@c9be963[cameratest]: [DrawPending] pendingDrawFinished(0) 1 android.view.ViewRootImpl.lambda$performDraw$1$ViewRootImpl:4027 android.view.-$$Lambda$ViewRootImpl$7A_3tkr_Kw4TZAeIUGVlOoTcZhg.run:4 android.os.Handler.handleCallback:883 
10-11 21:29:56.055  1004  1333 D ViewRootImpl@c9be963[cameratest]: [DrawPending] reportDrawFinished()
10-11 21:29:56.056   934  2704 I Layer   : id=708 removeFromCurrentState 703c937 Splash Screen com.example.cameratest#0 (51)
10-11 21:29:56.057   934  1108 I SurfaceFlinger: id=709 Removed Splash Screen com.example.cameratest#0 (51)
10-11 21:29:56.057   934  1108 I SurfaceFlinger: id=708 Removed 703c937 Splash Screen com.example.cameratest#0 (51)
10-11 21:29:56.058  1004  1333 D WindowManager: finishDrawingWindow: Window{da5e19 u0 Application Error: com.example.cameratest} mDrawState=DRAW_PENDING
10-11 21:29:56.058  1004  1333 D WindowManager: setSystemUiVisibility: displayId=0, vis=0x8018, fullVis=0x0, dockVis=0x0, win=Window{da5e19 u0 Application Error: com.example.cameratest}
10-11 21:29:56.058  1004  1333 D ViewRootImpl@c9be963[cameratest]: MSG_WINDOW_FOCUS_CHANGED 1 1
10-11 21:29:56.058  1004  1333 D ViewRootImpl@c9be963[cameratest]: mThreadedRenderer.initializeIfNeeded()#2 mSurface={isValid=true 520568868864}
10-11 21:29:56.059  1004  1336 I WindowManager: Reparenting to leash, surface=Surface(name=da5e19 Application Error: com.example.cameratest)/@0x9dd16c1, caller=com.android.server.wm.SurfaceAnimator.startAnimation:130 com.android.server.wm.WindowContainer.startAnimation:1296 com.android.server.wm.WindowState.startAnimation:5557 
10-11 21:29:56.060   934  1108 I SurfaceFlinger: id=716 createSurf (0x0),-1 flag=80004, Surface(name=da5e19 Application Error: com.example.cameratest)/@0x9dd16c1 - animation-leash#0
10-11 21:29:56.060  1004  1336 D WindowManager: makeSurface duration=0 leash=Surface(name=Surface(name=da5e19 Application Error: com.example.cameratest)/@0x9dd16c1 - animation-leash)/@0xa57ae66
10-11 21:29:56.062  1004  1333 V WindowManager: Relayout Window{da5e19 u0 Application Error: com.example.cameratest}: viewVisibility=0 req=1080x536
10-11 21:29:56.064  1004  1333 I WindowManager: Cancelling animation restarting=true, leash=Surface(name=Surface(name=da5e19 Application Error: com.example.cameratest)/@0x9dd16c1 - animation-leash)/@0xa57ae66, caller=com.android.server.wm.SurfaceAnimator.startAnimation:122 com.android.server.wm.WindowContainer.startAnimation:1296 com.android.server.wm.WindowState.startAnimation:5557 
10-11 21:29:56.064  1004  1333 I WindowManager: Reparenting to original parent: Surface(name=WindowToken{510b960 android.view.ViewRootImpl$W@c9be963})/@0xdc1d543, destroyLeash=false, surface=Surface(name=da5e19 Application Error: com.example.cameratest)/@0x9dd16c1, caller=com.android.server.wm.SurfaceAnimator.cancelAnimation:280 com.android.server.wm.SurfaceAnimator.startAnimation:122 com.android.server.wm.WindowContainer.startAnimation:1296 
