10-11 21:29:18.309  1004  1072 W ActivityManager: Invalid packageName: com.example.cameratest
10-11 21:29:18.732 23200 23200 E studio.deploy: ERROR: Could not get package user id: /system/bin/run-as: unknown package: com.example.cameratest
10-11 21:29:18.762 23200 23200 E studio.deploy: ERROR: Could not find apks for this package: com.example.cameratest
10-11 21:29:22.436  1004  1518 D PackageManager: EAS IT Policy com.example.cameratest isPackageSignedByPlatform = false
10-11 21:29:22.441  1004  1518 D PackageManager: EAS IT Policy com.example.cameratest isPackageSignedByPlatform = false
10-11 21:29:22.451 26913 26913 I Finsky  : [2] amze.b(75): VerifyApps: Install-time verification requested for package com.example.cameratest, id = 52
10-11 21:29:22.456 31096 31096 I GOS:GameServiceReceiver:  PkgInstallStarted for com.example.cameratest UserID : 0
10-11 21:29:22.466 26913 22843 I Finsky  : [8414] VerifyAppsInstallTask.ms(57): VerifyApps: Anti-malware verification task started for package=com.example.cameratest
10-11 21:29:22.593 31096 23216 I GOS:MainIntentService: onHandleIntent(). changeType(INSTALL_STARTED), packageName(com.example.cameratest), UserHandle(0), Installed(false)
10-11 21:29:22.593 31096 23216 D GOS:SystemEventReactor: onPackageInstallStarted(). packageName: com.example.cameratest
10-11 21:29:22.595 31096 23216 D GOS:SystemEventReactor: addPkgDataFromServer(), packageName : com.example.cameratest
10-11 21:29:22.595 31096 23216 W GOS:PackageUtil: isVrApp(). PackageManager.NameNotFoundException: com.example.cameratest
10-11 21:29:22.597 31096 23216 D GOS:CategoryInfoDbHelper: getCategoryInfo() pc == null: com.example.cameratest
10-11 21:29:22.597 31096 23216 D GOS:NetworkConnector: getSingleCategoryResponse(), packageName : com.example.cameratest
10-11 21:29:23.049 31096 23216 D GOS:NetworkConnector: doDirectly(), Response isSuccessful, responseCode: 200, URL: PRD/v4/packages/com.example.cameratest, response: {"pkg_name":"com.example.cameratest", "pkg_type":"unknown"}
10-11 21:29:23.049 31096 23216 I GOS:NetworkConnector: getSingleCategoryResponse(), request: PRD/v4/packages/com.example.cameratest, v4PkgResponse: {"pkg_name":"com.example.cameratest", "pkg_type":"unknown"}
10-11 21:29:23.049 31096 23216 D GOS:DataUpdater: mergePackageAndNotify(), com.example.cameratest
10-11 21:29:23.064 31096 23216 I GOS:SystemEventReactor: addPkgDataFromServer(), A package was added : com.example.cameratest as undefined
10-11 21:29:23.195 26913 27020 I Finsky  : [7815] andg.a(73): VerifyApps: Starting APK Analysis scan for com.example.cameratest.
10-11 21:29:23.200 26913 27020 I Finsky  : [7815] amwv.b(187): Scanning package com.example.cameratest contents with client side protections. File: [wgH46c8JHZzk_Q1LJR5Lb7EzzHzKpe_eeb7FJrxE9wM]
10-11 21:29:23.203 26913 27020 I Finsky  : [7815] andg.a(243): VerifyApps: APK Analysis scan finished for com.example.cameratest. Verdict: SAFE
10-11 21:29:23.701 26913 22874 I Finsky  : [8422] aneq.g(71): VerifyApps: Verification package=com.example.cameratest, id=52, response=0, upload_requested=false
10-11 21:29:23.704 26913 22874 I Finsky  : [8422] anei.e(310): VerifyApps: PAM result saving to datastore delayed for package: com.example.cameratest
10-11 21:29:23.707 26913 22843 I Finsky  : [8414] VerifyRequiredSplitTypesInstallTask.ms(55): VerifyApps: Starting required split types check for com.example.cameratest.
10-11 21:29:23.709 26913 22843 I Finsky  : [8414] VerifyRequiredSplitTypesInstallTask.ms(632): VerifyApps: Required split types check successful for com.example.cameratest.
10-11 21:29:23.723 26913 26913 I Finsky  : [2] VerifyInstallTask.mq(82): VerifyApps: Install-time verification complete: id=52, package_name=com.example.cameratest
10-11 21:29:23.940  1004  1518 D PackageManager: EAS IT Policy com.example.cameratest isPackageSignedByPlatform = false
10-11 21:29:23.940  1004  1518 D PackageManager: EAS IT Policy destCodeFile /data/app/com.example.cameratest-AB8IQxba-Bv0Yhw6nVhYlg==
10-11 21:29:24.006  1004  1518 D ApplicationPolicy: getApplicationStateEnabled : pkg = com.example.cameratest userId : 0
10-11 21:29:24.126  1004  1518 V BackupManagerService: restoreAtInstall pkg=com.example.cameratest token=35 restoreSet=0
10-11 21:29:24.153  1004  1004 E SDAgentPackageStateReceiver: Not going to handle 'com.example.cameratest'!
10-11 21:29:24.154  1004  1004 D UpdateReceiver: action : android.intent.action.PACKAGE_ADDED, package:com.example.cameratest
10-11 21:29:24.154  1004  1004 D KnoxMUMContainerPolicy: packageInstalledForSBAExternalStorage com.example.cameratest
10-11 21:29:24.161  1004  1004 D ApplicationPolicy: packageInstalledForExternalStorage com.example.cameratest
10-11 21:29:24.162  1004  1004 D ApplicationPolicy: checkExternalStoragePkg - uid - 1000, key - PackageNameExternalStorageWhiteList, packageName- com.example.cameratest
10-11 21:29:24.162  1004  1004 D ApplicationPolicy: checkExternalStoragePkg - uid - 1000, key - PackageNameExternalStorageBlackList, packageName- com.example.cameratest
10-11 21:29:24.162  1004  1004 D ApplicationPolicy: checkExternalStoragePkg - uid - 10097, key - PackageNameExternalStorageWhiteList, packageName- com.example.cameratest
10-11 21:29:24.162  1004  1004 D ApplicationPolicy: checkExternalStoragePkg - uid - 10097, key - PackageNameExternalStorageBlackList, packageName- com.example.cameratest
10-11 21:29:24.166  1969  1969 D FaceWidgetMetadataParser: updatePackage() com.example.cameratest true
10-11 21:29:24.166  2110  2174 D PackageInfoManager_FLP: action : ACTION_PACKAGE_ADDED, packageName = com.example.cameratest
10-11 21:29:24.166  1969  1969 D FaceWidgetMetadataParser: removePackage() key = com.example.cameratest
10-11 21:29:24.167  2110  2174 V PackageInfoManager_FLP: handled onPackageAdded for com.example.cameratest(DENY)
10-11 21:29:24.167  1004  1004 D GameManagerService: identifyGamePackage. com.example.cameratest, mCurrentUserId: 0, callerUserId: 0
10-11 21:29:24.167  1004  1004 D GamePkgDataHelper: getGamePkgData(). com.example.cameratest
10-11 21:29:24.168  1004  1800 D PkgPredictorService-MultiUserPkgManager: user=0  uid=10325 onPackageStatusChange com.example.cameratest action=android.intent.action.PACKAGE_ADDED
10-11 21:29:24.168  1004  1800 D seedbed-SeedbedPreloadController:  package add :user:0 com.example.cameratest 10325 false
10-11 21:29:24.168  1004  1800 D DexPreloader: install a new app com.example.cameratest uid=10325
10-11 21:29:24.168  3233  3233 D AvrcpMediaPlayerList: Name of package changed: com.example.cameratest
10-11 21:29:24.169  1004  1004 D WifiTransportLayerMonitor: ACTION_PACKAGE_ADDED - com.example.cameratest
10-11 21:29:24.169 23381 23381 D BeaconManager[10.0.39.0]: BeaconService.PackageReceiver - action:android.intent.action.PACKAGE_ADDED, package:com.example.cameratest
10-11 21:29:24.169  2558  8904 D PluginInstanceManager: queryPkg com.example.cameratest com.sec.android.app.launcher.action.HOMESCREEN_PLUGIN_EXPANDABLE_HOME_GRID
10-11 21:29:24.170  1969  2232 D PluginInstanceManager: queryPkg com.example.cameratest com.android.systemui.action.PLUGIN_NOTIFICATION_ASSISTANT
10-11 21:29:24.170  1969  2232 D PluginInstanceManager: queryPkg com.example.cameratest com.android.systemui.action.PLUGIN_QS
10-11 21:29:24.170  1004  1800 D DexPreloader: excut the sql:insert into tbl_PkgSummary (user_pkg, launched) values ('com.example.cameratest', 0)
10-11 21:29:24.171  1969  2232 D PluginInstanceManager: queryPkg com.example.cameratest com.android.systemui.action.PLUGIN_GLOBAL_ACTIONS
10-11 21:29:24.171  2558  8904 D PluginInstanceManager: queryPkg com.example.cameratest com.sec.android.app.launcher.action.PLUGIN_BACKUP_LAYOUT
10-11 21:29:24.171  1969  2232 D PluginInstanceManager: queryPkg com.example.cameratest com.android.systemui.action.PLUGIN_LOCKSCREEN_RIGHT_BUTTON
10-11 21:29:24.172  1969  2232 D PluginInstanceManager: queryPkg com.example.cameratest com.android.systemui.action.PLUGIN_GLOBAL_ACTIONS_PANEL
10-11 21:29:24.172  2558  8904 D PluginInstanceManager: queryPkg com.example.cameratest com.sec.android.app.launcher.action.HOMESCREEN_PLUGIN_EXPANDABLE_HOTSEAT
10-11 21:29:24.173  1004  1004 I PersonaManagerService::Proxy: newPackage is com.example.cameratest
10-11 21:29:24.173  1969  2232 D PluginInstanceManager: queryPkg com.example.cameratest com.android.systemui.action.PLUGIN_QS_FACTORY
10-11 21:29:24.173  1004  1877 D GameManagerService: identifyGamePackage. com.example.cameratest, mCurrentUserId: 0, callerUserId: 0
10-11 21:29:24.173  1004  1877 D GamePkgDataHelper: getGamePkgData(). com.example.cameratest
10-11 21:29:24.174  2558  8904 D PluginInstanceManager: queryPkg com.example.cameratest com.sec.android.app.launcher.action.HOMESCREEN_PLUGIN_APP_TANSITION_VI_TUNNER
10-11 21:29:24.176  9244  9244 D [AirCmd]_RemoteActionManager: onPackageChangeDetected : com.example.cameratest
10-11 21:29:24.180  1969  2232 D PluginInstanceManager: queryPkg com.example.cameratest com.android.systemui.action.PLUGIN_VOLUME
10-11 21:29:24.181  1969  2232 D PluginInstanceManager: queryPkg com.example.cameratest com.android.systemui.action.PLUGIN_LOCKSCREEN_LEFT_BUTTON
10-11 21:29:24.181  1969  2232 D PluginInstanceManager: queryPkg com.example.cameratest com.android.systemui.action.PLUGIN_OVERLAY
10-11 21:29:24.181  1969  2232 D PluginInstanceManager: queryPkg com.example.cameratest com.android.systemui.action.PLUGIN_SENSOR_MANAGER
10-11 21:29:24.182  1004  1004 I CocktailBarManagerServiceImpl: addProvidersForPackageLocked : pkgName = com.example.cameratest v=1
10-11 21:29:24.182  1004  1004 I CocktailBarManagerServiceImpl: addProvidersForPackageLocked : pkgName = com.example.cameratest v=2
10-11 21:29:24.184  2558  8904 D PluginInstanceManager: queryPkg com.example.cameratest com.sec.android.app.launcher.action.HOMESCREEN_PLUGIN_FOLDER_TITLE_SUGGESTION
10-11 21:29:24.194  1004  1953 D GameManagerService: identifyGamePackage. com.example.cameratest, mCurrentUserId: 0, callerUserId: 0
10-11 21:29:24.194  1004  1953 D GamePkgDataHelper: getGamePkgData(). com.example.cameratest
10-11 21:29:24.194  1004  1953 I Pageboost: appinfo : com.example.cameratest
10-11 21:29:24.231  2558  8904 D PluginInstanceManager: queryPkg com.example.cameratest com.sec.android.app.launcher.action.HOMESCREEN_PLUGIN_EXPANDABLE_APPS_GRID
10-11 21:29:24.232  2558  8904 D PluginInstanceManager: queryPkg com.example.cameratest com.sec.android.app.launcher.action.HOMESCREEN_PLUGIN_GESTURE_VI_TUNNER
10-11 21:29:24.233  1004  1953 I Pageboost: Reset this app info : com.example.cameratest 
10-11 21:29:24.233  1004  1953 I Pageboost: apk : /data/app/com.example.cameratest-AB8IQxba-Bv0Yhw6nVhYlg==/base.apk
10-11 21:29:24.233  2558  8904 D PluginInstanceManager: queryPkg com.example.cameratest com.sec.android.app.launcher.action.HOMESCREEN_PLUGIN_HOME_BLUR_SETTING
10-11 21:29:24.234  2558  8904 D PluginInstanceManager: queryPkg com.example.cameratest com.sec.android.app.launcher.action.PLUGIN_FOLDER_LAYOUT
10-11 21:29:24.236  2558  8904 D PluginInstanceManager: queryPkg com.example.cameratest com.sec.android.app.launcher.action.HOMESCREEN_PLUGIN_FOLDER_FLEXIBLE_GRID
10-11 21:29:24.236  1004  1877 D WifiPackageInfo: CREATED - UID:10325, PackageName:com.example.cameratest, Category:NONE, ChattingApp:false, VoIP:false, Game:false, Browsing:false, SystemApp:false, Launchable:true, Switchable:false, DetectedCount:0, DataUsage:0, UsagePattern:0, CategoryUpdateFailCount:0, HasInternetPermission:false
10-11 21:29:24.237  2558  8904 D PluginInstanceManager: queryPkg com.example.cameratest com.sec.android.app.launcher.action.HOMESCREEN_PLUGIN_EXTENSION_FEATURE
10-11 21:29:24.237  2558  8904 D PluginInstanceManager: queryPkg com.example.cameratest com.sec.android.app.launcher.action.HOMESCREEN_PLUGIN_ICON_SETTING
10-11 21:29:24.237  2558  8904 D PluginInstanceManager: queryPkg com.example.cameratest com.sec.android.app.launcher.action.HOMESCREEN_PLUGIN_APPS_PAGE_LOOPING
10-11 21:29:24.244  1946  1946 I VVM.VvmPkgInstalledRcvr: onReceive() : action android.intent.action.PACKAGE_ADDED packageName :com.example.cameratest
10-11 21:29:24.247  1004  2552 I ActivityManager: Force stopping com.example.cameratest appid=10325 user=0: from 23245,2000
10-11 21:29:24.250  1004  1953 I Pageboost: db create : CREATE TABLE IF NOT EXISTS comexamplecameratest (FILENAME TEXT, OFFSET INTEGER, SIZE INTEGER, FORVRAMDISK INTEGER, BITMAP BLOB, unique (FILENAME, OFFSET) );
10-11 21:29:24.256 26913 26913 I Finsky  : [2] lwr.f(9): AIM: AppInfoCacheUpdater -> invalidating apps: [com.example.cameratest]
10-11 21:29:24.258  1004  2432 W BroadcastQueue: Background execution not allowed: receiving Intent { act=android.intent.action.PACKAGE_ADDED dat=package:com.example.cameratest flg=0x4000010 (has extras) } to com.google.android.packageinstaller/com.android.packageinstaller.PackageInstalledReceiver
10-11 21:29:24.261  1004  1953 I Pageboost: add app to global @ runtime: com.example.cameratest
10-11 21:29:24.261 26913 27020 I Finsky  : [7815] lym.a(58): AIM: AppInfoManager-Perf > OnDeviceAppInfo > cacheHitCount=0, cacheMissCount=1. Missed  in cache (limit 10) : [com.example.cameratest]
10-11 21:29:24.263  1004  1380 V MARsPolicyManager: onPackageStatusChange packageName = com.example.cameratest, uid = 10325
10-11 21:29:24.264  1004  1353 W BroadcastQueue: Background execution not allowed: receiving Intent { act=android.intent.action.PACKAGE_ADDED dat=package:com.example.cameratest flg=0x4000010 (has extras) } to com.android.vending/com.google.android.finsky.packagemonitor.impl.PackageMonitorReceiverImpl$RegisteredReceiver
10-11 21:29:24.265  1004  1353 W BroadcastQueue: Background execution not allowed: receiving Intent { act=android.intent.action.PACKAGE_ADDED dat=package:com.example.cameratest flg=0x4000010 (has extras) } to com.android.vending/com.google.android.finsky.packagemonitor.backgroundimpl.BackgroundPackageMonitorReceiverImpl$RegisteredReceiver
10-11 21:29:24.274  1004  1353 W BroadcastQueue: Background execution not allowed: receiving Intent { act=android.intent.action.PACKAGE_ADDED dat=package:com.example.cameratest flg=0x4000010 (has extras) } to com.facebook.appmanager/com.facebook.oxygen.common.packages.event.manifest.ManifestPackageEventReceiver
10-11 21:29:24.275  1004  1353 W BroadcastQueue: Background execution not allowed: receiving Intent { act=android.intent.action.PACKAGE_ADDED dat=package:com.example.cameratest flg=0x4000010 (has extras) } to com.google.android.gms/.chimera.GmsIntentOperationService$PersistentTrustedReceiver
10-11 21:29:24.276  1004  1353 W BroadcastQueue: Background execution not allowed: receiving Intent { act=android.intent.action.PACKAGE_ADDED dat=package:com.example.cameratest flg=0x4000010 (has extras) } to com.google.android.gms/.games.chimera.GamesSystemBroadcastReceiverProxy
10-11 21:29:24.277  1004  1353 W BroadcastQueue: Background execution not allowed: receiving Intent { act=android.intent.action.PACKAGE_ADDED dat=package:com.example.cameratest flg=0x4000010 (has extras) } to com.google.android.gms/.gass.chimera.PackageChangeBroadcastReceiver
10-11 21:29:24.278  1004  1353 W BroadcastQueue: Background execution not allowed: receiving Intent { act=android.intent.action.PACKAGE_ADDED dat=package:com.example.cameratest flg=0x4000010 (has extras) } to com.samsung.android.app.soundpicker/.HunReceiver
10-11 21:29:24.282  1946  1946 D ImsResolver: maybeAddedImsService, packageName: com.example.cameratest
10-11 21:29:24.284 26913 27020 I Finsky  : [7815] lym.a(58): AIM: AppInfoManager-Perf > OnDeviceAppInfo > cacheHitCount=0, cacheMissCount=1. Missed  in cache (limit 10) : [com.example.cameratest]
10-11 21:29:24.284  1004  1353 W BroadcastQueue: Background execution not allowed: receiving Intent { act=android.intent.action.PACKAGE_ADDED dat=package:com.example.cameratest flg=0x4000010 (has extras) } to com.samsung.android.app.taskedge/.edgepanel.TaskEdgePanelProvider
10-11 21:29:24.285 25375 25375 I RoutineDebug:RoutineJobService: start: packageNamecom.example.cameratest,forced=true
10-11 21:29:24.286 25375 25375 I RoutineDebug:RoutineJobService: pushMetaLoaderTargetPackage: null + com.example.cameratest
10-11 21:29:24.286 25375 25375 I RoutineDebug:Pref: putSharedPrefsData() key=meta_loading_target_package_name, data=com.example.cameratest
10-11 21:29:24.298  1004  1004 D SamsungAlarmManager: Remove alarm for next reason : android.intent.action.PACKAGE_RESTARTED : package: com.example.cameratest
10-11 21:29:24.299  1004  1353 W BroadcastQueue: Background execution not allowed: receiving Intent { act=android.intent.action.PACKAGE_ADDED dat=package:com.example.cameratest flg=0x4000010 (has extras) } to com.sec.android.app.samsungapps/.receiver.PackageAddedReceiver
10-11 21:29:24.301  1004  1353 W BroadcastQueue: Background execution not allowed: receiving Intent { act=android.intent.action.PACKAGE_ADDED dat=package:com.example.cameratest flg=0x4000010 (has extras) } to com.sec.android.app.soundalive/.SAControlPanelReceiver
10-11 21:29:24.302  1004  1353 W BroadcastQueue: Background execution not allowed: receiving Intent { act=android.intent.action.PACKAGE_ADDED dat=package:com.example.cameratest flg=0x4000010 (has extras) } to com.sec.imsservice/com.sec.internal.ims.imsservice.ImsIntentReceiver
10-11 21:29:24.303  1004  1353 W BroadcastQueue: Background execution not allowed: receiving Intent { act=android.intent.action.PACKAGE_ADDED dat=package:com.example.cameratest flg=0x4000010 (has extras) } to com.verizon.loginengine.unbranded/com.verizon.vzwavs.AVSSystemReceiver
10-11 21:29:24.303  1004  1353 W BroadcastQueue: Background execution not allowed: receiving Intent { act=android.intent.action.PACKAGE_ADDED dat=package:com.example.cameratest flg=0x4000010 (has extras) } to com.zhiliaoapp.musically/com.ss.android.common.applog.HotsoonReceiver
10-11 21:29:24.317  9537 23259 W GCM     : Unexpected forwarded intent: Intent { act=android.intent.action.PACKAGE_ADDED dat=package:com.example.cameratest flg=0x4000010 pkg=com.google.android.gms cmp=com.google.android.gms/.chimera.PersistentIntentOperationService (has extras) }
10-11 21:29:24.331  9537 23261 W NetworkScheduler: Unexpected forwarded intent: Intent { act=android.intent.action.PACKAGE_ADDED dat=package:com.example.cameratest flg=0x4000010 pkg=com.google.android.gms cmp=com.google.android.gms/.chimera.PersistentIntentOperationService (has extras) }
10-11 21:29:24.354 18372 22460 D SmProvider: inserted  : com.example.cameratest / 10325 rowId=112
10-11 21:29:24.411  1004  1381 D MARsDBManager: doInsertPkg com.example.cameratest uri = content://com.samsung.android.sm/ForcedAppStandby/112
10-11 21:29:24.423  1004  1335 I ActivityManager: Force stopping com.example.cameratest appid=10325 user=-1: set debug app
10-11 21:29:24.427  1004  2321 I ActivityTaskManager: START u0 {act=android.intent.action.MAIN typ=null flg=0x10000000 cmp=ComponentInfo{com.example.cameratest/com.example.cameratest.MainActivity}} from uid 2000
10-11 21:29:24.427  1004  2321 D ApplicationPolicy: getApplicationStateEnabled : pkg = com.example.cameratest userId : 0
10-11 21:29:24.429  1004  2321 D ActivityManagerPerformance: onActivityStartLocked() r: com.example.cameratest (ActivityRecord{4b13eeb u0 com.example.cameratest/.MainActivity t-1})
10-11 21:29:24.429  1004  2321 D ActivityManagerPerformance: setBoosterAppSwitch() onoff: true, r: com.example.cameratest (ActivityRecord{4b13eeb u0 com.example.cameratest/.MainActivity t-1}), curBoost: null (null)
10-11 21:29:24.432  1004  2321 D ActivityTaskManager: MultiTaskingTaskLaunchParamsModifier:task=null activity=ActivityRecord{4b13eeb u0 com.example.cameratest/.MainActivity t-1} display-id=0 display-windowing-mode=1
10-11 21:29:24.432  1004  2739 D ActivityManagerPerformance: Received MSG_CFMS_HINT_AMS_SWITCH pkgName: com.example.cameratest
10-11 21:29:24.432  1004  2321 D ActivityTaskManager: MultiTaskingTaskLaunchParamsModifier:task=null activity=ActivityRecord{4b13eeb u0 com.example.cameratest/.MainActivity t-1} display-id=0 display-windowing-mode=1 non-freeform-display maximized-bounds
10-11 21:29:24.439  1004  2321 D ActivityTaskManager: MultiTaskingTaskLaunchParamsModifier:task=TaskRecord{63acf4 #807 A=com.example.cameratest U=0 StackId=28 sz=0} activity=ActivityRecord{4b13eeb u0 com.example.cameratest/.MainActivity t-1} display-from-task=0 display-id=0 display-windowing-mode=1 non-freeform-display maximized-bounds
10-11 21:29:24.444  1004  2321 I WindowManager: isChangeTransitionBlockedByCommonPolicy: false, AppWindowToken{3a4a063 token=Token{d30ce92 ActivityRecord{4b13eeb u0 com.example.cameratest/.MainActivity t807}}}, Thumb=null, isReallyAnimating=false, TransitChangeLeash=null, DisplayFrozen=false, RotationAnim=null, Stack=null, isVisible=true, SC=null)
10-11 21:29:24.444  1004  2321 I WindowManager: isChangeTransitionBlockedByCommonPolicy: false, AppWindowToken{3a4a063 token=Token{d30ce92 ActivityRecord{4b13eeb u0 com.example.cameratest/.MainActivity t807}}}, Thumb=null, isReallyAnimating=false, TransitChangeLeash=null, DisplayFrozen=false, RotationAnim=null, Stack={stackId=28 tasks=[{taskId=807 appTokens=[AppWindowToken{3a4a063 token=Token{d30ce92 ActivityRecord{4b13eeb u0 com.example.cameratest/.MainActivity t807}}}] mdr=false}]}, isVisible=false, SC=null)
10-11 21:29:24.445  1004  2321 I WindowManager: isChangeTransitionBlockedByCommonPolicy: false, AppWindowToken{3a4a063 token=Token{d30ce92 ActivityRecord{4b13eeb u0 com.example.cameratest/.MainActivity t807}}}, Thumb=null, isReallyAnimating=false, TransitChangeLeash=null, DisplayFrozen=false, RotationAnim=null, Stack={stackId=28 tasks=[{taskId=807 appTokens=[AppWindowToken{3a4a063 token=Token{d30ce92 ActivityRecord{4b13eeb u0 com.example.cameratest/.MainActivity t807}}}] mdr=false}]}, isVisible=false, SC=null)
10-11 21:29:24.445   934  1512 I SurfaceFlinger: id=641 createSurf (0x0),-1 flag=80004, AppWindowToken{3a4a063 token=Token{d30ce92 ActivityRecord{4b13eeb u0 com.example.cameratest/.MainActivity t807}}}#0
10-11 21:29:24.446  1004  2321 I CustomStartingWindowData: CustomStartingWindowData is crated, taskUserId=0, className=com.example.cameratest.MainActivity, packageName=com.example.cameratest, caller=com.android.server.wm.CustomStartingWindowController$CustomStartingWindowData.<init>:300 com.android.server.wm.CustomStartingWindowController.addCustomStartingWindowData:81 com.android.server.wm.WindowManagerServiceExtension.addCustomStartingWindowData:1762 com.android.server.wm.ActivityTaskManagerServiceExtension.addCustomStartingWindowData:1358 com.android.server.wm.ActivityRecord.showStartingWindow:3247 
10-11 21:29:24.449  1004  2321 D ActivityManagerPerformance: onActivityResumeLocked() r: com.example.cameratest (ActivityRecord{4b13eeb u0 com.example.cameratest/.MainActivity t807})
10-11 21:29:24.449  1004  2321 D ActivityManagerPerformance: onActivityResumeLocked() skipped. already boosted com.example.cameratest
10-11 21:29:24.481  1004  1336 D PhoneWindow: forceLight changed to true [Splash Screen com.example.cameratest] from com.android.internal.policy.PhoneWindow.updateForceLightNavigationBar:4274 com.android.internal.policy.DecorView.updateColorViews:1547 com.android.internal.policy.PhoneWindow.dispatchWindowAttributesChanged:3252 android.view.Window.setFlags:1153 com.android.internal.policy.PhoneWindow.generateLayout:2474 
10-11 21:29:24.484   934  1512 I SurfaceFlinger: id=642 createSurf (0x0),-1 flag=80004, 2d36af Splash Screen com.example.cameratest#0
10-11 21:29:24.486  1004  1336 D ViewRootImpl@5fb07b7[cameratest]: setView = com.android.internal.policy.DecorView@443cabc TM=true MM=false
10-11 21:29:24.498  1004  1336 V WindowManager: Relayout Window{2d36af u0 Splash Screen com.example.cameratest}: viewVisibility=0 req=1080x2400
10-11 21:29:24.499   934  1512 I SurfaceFlinger: id=643 createSurf (1080x2400),1 flag=404, Splash Screen com.example.cameratest#0
10-11 21:29:24.499  1004  1336 D WindowManager: makeSurface duration=0 name=Splash Screen com.example.cameratest
10-11 21:29:24.501  1004  1336 D ViewRootImpl@5fb07b7[cameratest]: Relayout returned: old=(0,0,1080,2400) new=(0,0,1080,2400) req=(1080,2400)0 dur=3 res=0x7 s={true 522696740864} ch=true
10-11 21:29:24.502  1004  1336 D ViewRootImpl@5fb07b7[cameratest]: [DrawPending] drawPending(1) 1 android.view.ViewRootImpl.reportNextDraw:9898 android.view.ViewRootImpl.performTraversals:3306 android.view.ViewRootImpl.doTraversal:2199 
10-11 21:29:24.511  1004  1336 D ViewRootImpl@5fb07b7[cameratest]: [DrawPending] pendingDrawFinished(0) 1 android.view.ViewRootImpl.performDraw:4105 android.view.ViewRootImpl.performTraversals:3319 android.view.ViewRootImpl.doTraversal:2199 
10-11 21:29:24.511  1004  1336 D ViewRootImpl@5fb07b7[cameratest]: [DrawPending] reportDrawFinished()
10-11 21:29:24.512  1004  1335 D GameManagerService: MultiWindowEventListener.onFocusedStackChanged(), state=0, top=ComponentInfo{com.example.cameratest/com.example.cameratest.MainActivity}
10-11 21:29:24.512  1004  1335 D GameManagerService: MultiWindowEventListener.onFocusedStackChanged(), pkgName: com.example.cameratest, clsName: com.example.cameratest.MainActivity, FgActivityName:com.example.cameratest/.MainActivity, userID:0
10-11 21:29:24.513  1004  1336 D WindowManager: finishDrawingWindow: Window{2d36af u0 Splash Screen com.example.cameratest} mDrawState=DRAW_PENDING
10-11 21:29:24.514  1004  1336 V WindowManager: performShow on Window{2d36af u0 Splash Screen com.example.cameratest}: mDrawState=READY_TO_SHOW readyForDisplay=false starting=true during animation: policyVis=true parentHidden=false tok.hiddenRequested=false tok.hidden=true animating=true tok animating=true Callers=com.android.server.wm.WindowState.performShowLocked:4753 com.android.server.wm.WindowStateAnimator.commitFinishDrawingLocked:396 com.android.server.wm.DisplayContent.lambda$new$8$DisplayContent:993 com.android.server.wm.-$$Lambda$DisplayContent$qxt4izS31fb0LF2uo_OF9DMa7gc.accept:4 
10-11 21:29:24.515  1004  1336 D ViewRootImpl@5fb07b7[cameratest]: MSG_RESIZED: frame=(0,0,1080,2400) ci=(0,90,0,135) vi=(0,90,0,135) or=1
10-11 21:29:24.518 25375 25375 I RoutineDebug:RoutineJobService: packageName : com.example.cameratest, forced : true
10-11 21:29:24.519 25375 20590 I RoutineDebug:RoutineMetaDataLoader: collect: com.example.cameratest
10-11 21:29:24.528 23300 23379 D AppCoreService: packageName: com.example.cameratest
10-11 21:29:24.528  1004  1335 D WifiTransportLayerMonitor: IUsageStatsWatcher pause package changed: com.example.cameratest
10-11 21:29:24.528  1004  1335 D WifiTransportLayerMonitor: getOrCreatePackageInfo - 10325 com.example.cameratest
10-11 21:29:24.529  1004  1877 D WifiTransportLayerMonitor.PackageUpdateHandler: MSG_UPDATE_CATEGORY - com.example.cameratest
10-11 21:29:24.530  1004  1335 I ApplicationPolicy: isApplicationExternalStorageWhitelisted:com.example.cameratest user:0
10-11 21:29:24.530  1004  1335 D ActivityManager: package  com.example.cameratest, user - 0 is SDcard whitelisted
10-11 21:29:24.530  1004  1335 I ApplicationPolicy: isApplicationExternalStorageBlacklisted:com.example.cameratest user:0
10-11 21:29:24.530  1004  1335 I ApplicationPolicy: isApplicationExternalStorageBlacklisted:com.example.cameratest user:0
10-11 21:29:24.546  1004  1354 I ActivityManager: Start proc 15248:com.example.cameratest/u0a325 for activity {com.example.cameratest/com.example.cameratest.MainActivity}
10-11 21:29:24.562  1004  8967 I ActivityManager: DSS OFF for com.example.cameratest
10-11 21:29:24.564  1004  8967 D ActivityTaskManager: root process false,807,15248,com.example.cameratest
10-11 21:29:24.565  1004  8967 V WindowManager: performShow on Window{2d36af u0 Splash Screen com.example.cameratest}: mDrawState=READY_TO_SHOW readyForDisplay=false starting=true during animation: policyVis=true parentHidden=false tok.hiddenRequested=false tok.hidden=true animating=true tok animating=true Callers=com.android.server.wm.WindowState.performShowLocked:4753 com.android.server.wm.WindowStateAnimator.commitFinishDrawingLocked:396 com.android.server.wm.DisplayContent.lambda$new$8$DisplayContent:993 com.android.server.wm.-$$Lambda$DisplayContent$qxt4izS31fb0LF2uo_OF9DMa7gc.accept:4 
10-11 21:29:24.568  1004  8967 D GamePkgDataHelper: notifyAppCreate(), pkgName: com.example.cameratest, sendRet: true
10-11 21:29:24.569  1004  8967 D ActivityManagerPerformance: [Activity] prev: ActivityRecord{7dbe088 u0 com.sec.android.app.launcher/.activities.LauncherActivity t779}, cur: ActivityRecord{4b13eeb u0 com.example.cameratest/.MainActivity t807}
10-11 21:29:24.569  1004  8967 V ActivityTaskManager: markDedicatedIfNeeded com.example.cameratest, 0,{}
10-11 21:29:24.570  1004  8967 D MARsPolicyManager: onPackageResumedFG pkgName = com.example.cameratest, userId = 0
10-11 21:29:24.570  1004  1919 D GameManagerService: onLooperPrepared(), msg: { when=-2ms what=10010 obj=com.example.cameratest target=com.samsung.android.game.GameManagerService$FgCheckThread$1 }
10-11 21:29:24.570  1004  1919 D GameManagerService: handleMessage(), received MSG_APP_CREATE of pkgName: com.example.cameratest
10-11 21:29:24.571  1004  8967 D FreecessHandler: removeBgTriggerMsgByObj....what:1,obj:com.example.cameratest
10-11 21:29:24.572  1004  1336 V WindowManager: performShow on Window{2d36af u0 Splash Screen com.example.cameratest}: mDrawState=READY_TO_SHOW readyForDisplay=false starting=true during animation: policyVis=true parentHidden=false tok.hiddenRequested=false tok.hidden=true animating=true tok animating=true Callers=com.android.server.wm.WindowState.performShowLocked:4753 com.android.server.wm.WindowStateAnimator.commitFinishDrawingLocked:396 com.android.server.wm.DisplayContent.lambda$new$8$DisplayContent:993 com.android.server.wm.-$$Lambda$DisplayContent$qxt4izS31fb0LF2uo_OF9DMa7gc.accept:4 
10-11 21:29:24.577  1004  1336 I WindowManager: Reparenting to leash, surface=Surface(name=AppWindowToken{3a4a063 token=Token{d30ce92 ActivityRecord{4b13eeb u0 com.example.cameratest/.MainActivity t807}}})/@0x6e56427, caller=com.android.server.wm.SurfaceAnimator.startAnimation:130 com.android.server.wm.WindowContainer.startAnimation:1296 com.android.server.wm.AppWindowToken.applyAnimationLocked:3573 
10-11 21:29:24.577   934  1089 I SurfaceFlinger: id=646 createSurf (0x0),-1 flag=80004, Surface(name=AppWindowToken{3a4a063 token=Token{d30ce92 ActivityRecord{4b13eeb u0 com.example.cameratest/.MainActivity t807}}})/@0x6e56427 - animation-leash#0
10-11 21:29:24.577 15248 15248 W ActivityThread: Application com.example.cameratest is waiting for the debugger on port 8100...
10-11 21:29:24.578  1004  1336 D WindowManager: makeSurface duration=1 leash=Surface(name=Surface(name=AppWindowToken{3a4a063 token=Token{d30ce92 ActivityRecord{4b13eeb u0 com.example.cameratest/.MainActivity t807}}})/@0x6e56427 - animation-leash)/@0x4dfa07d
10-11 21:29:24.579   934  1108 I SurfaceFlinger: id=647 createSurf (0x0),-1 flag=80004, Surface(name=AppWindowToken{3a4a063 token=Token{d30ce92 ActivityRecord{4b13eeb u0 com.example.cameratest/.MainActivity t807}}})/@0x6e56427 - animation-bounds#0
10-11 21:29:24.582  1004  1333 D WindowManager: setSystemUiVisibility: displayId=0, vis=0x8018, fullVis=0x0, dockVis=0x0, win=Window{2d36af u0 Splash Screen com.example.cameratest}
10-11 21:29:24.593  1004  8962 D GamePkgDataHelper: getSosPolicy(). com.example.cameratest
10-11 21:29:24.595  1004  1800 D PkgPredictorService: com.example.cameratest go to foreground!
10-11 21:29:24.595  1004  1800 D PkgPredictorService: previous pkgs: com.example.cameratest,com.android.settings,com.android.settings running pkg: com.example.cameratest, uid: 0 is system: false
10-11 21:29:24.595  1004  1333 D CodecSolution: isMaxAspectPackageEx: com.example.cameratest : false(0)
10-11 21:29:24.595  1004  1800 D PkgPredictorService-Collector:  (hour:21 day:6 previous:[com.example.cameratest, com.android.settings, com.android.settings] activityName:unknown running:com.example.cameratest userId:0 screenOrientation:0 wifi:1 bt:1 predictTime:1 apkVersion:1.0 consumeTime:-1 preloaded:false>)
10-11 21:29:24.595  1004  1800 D PkgPredictorService-NapPreloadController: User using: com.example.cameratest
10-11 21:29:24.598  1004  1333 I PerfSDKService: Current foregroundpackage name : com.example.cameratest
10-11 21:29:24.599 25901 26364 I SAMSUNGWALLET: [Hint_SimpleHintProcessMonitor] isHomePackageRunning topPkgName = com.example.cameratest, topClsName = com.example.cameratest.MainActivity, return false , se : false
10-11 21:29:24.600  1004  1335 D GamePkgDataHelper: getSosPolicy(). com.example.cameratest
10-11 21:29:24.600  1004  1335 D GameManagerService: identifyGamePackage. com.example.cameratest, mCurrentUserId: 0, callerUserId: 0
10-11 21:29:24.600  1004  1335 D GamePkgDataHelper: getGamePkgData(). com.example.cameratest
10-11 21:29:24.600  1004  1335 D GameManagerService: noteResumeComponent(), received resumed-component: com.example.cameratest
10-11 21:29:24.601  1004  1919 D GameManagerService: onLooperPrepared(), msg: { when=0 what=10000 obj=ComponentInfo{com.example.cameratest/com.example.cameratest.MainActivity} target=com.samsung.android.game.GameManagerService$FgCheckThread$1 }
10-11 21:29:24.601  1004  1919 D GameManagerService: notifyResumePause(). of pkg: com.example.cameratest, type: 4, isMinimized: false, isTunableApp: false
10-11 21:29:24.601  1004  1800 D DexPreloader: com.example.cameratestbecome forground ,dexpreload store app:com.example.cameratest pid:15248 dex profile begin
10-11 21:29:24.601  1004  1800 D DexPreloader: launched app:com.example.cameratest times:0
10-11 21:29:24.601  1004  1800 D DexPreloader: excut the sql:update tbl_PkgSummary set launched = 1, dex_compiled = 1 where user_pkg = 'com.example.cameratest'
10-11 21:29:24.604  1004  1800 D DexPreloader:  prepare a new task for pkg:com.example.cameratest dex2oat
10-11 21:29:24.605  1004  1333 I IWCMonitor: com.example.cameratest (10325) has came on foreground
10-11 21:29:24.617  1004  1333 I MultiWindowDecorSupport: updateCaptionType >> DecorView@88a689c[cameratest], isFloating: true, isApplication: false, hasWindowDecorCaption: false, hasWindowControllerCallback: false
10-11 21:29:24.617  1004  1333 D MultiWindowDecorSupport: setCaptionType = 0, DecorView = DecorView@88a689c[cameratest]
10-11 21:29:24.620   934   934 I SurfaceFlinger:      DEVICE | 0x712fb1be40 | 0002 | RGBA_8888 |   0.0    0.0 1080.0 2400.0 |   76  168 1004 2232 | Splash Screen com.example.cameratest#0
10-11 21:29:24.627  1004  1333 D ViewRootImpl@4e8923d[cameratest]: ThreadedRenderer.create() translucent=true
10-11 21:29:24.629   934  1512 I SurfaceFlinger: id=649 createSurf (0x0),-1 flag=80004, dd11539 Waiting For Debugger: com.example.cameratest#0
10-11 21:29:24.630  1004  1333 V WindowManager: Changing focus from null to Window{dd11539 u0 Waiting For Debugger: com.example.cameratest} displayId=0 Callers=com.android.server.wm.RootWindowContainer.updateFocusedWindowLocked:203 com.android.server.wm.WindowManagerService.updateFocusedWindowLocked:6462 com.android.server.wm.WindowManagerService.addWindow:1854 com.android.server.wm.Session.addToDisplay:167 android.view.ViewRootImpl.setView:1083 android.view.WindowManagerGlobal.addView:462 
10-11 21:29:24.630  1004  1333 D ViewRootImpl@4e8923d[cameratest]: setView = com.android.internal.policy.DecorView@88a689c TM=true MM=false
10-11 21:29:24.631  1004  1335 I WindowManager: Focus moving from null to Window{dd11539 u0 Waiting For Debugger: com.example.cameratest} displayId=0
10-11 21:29:24.632  1004  1335 I WindowManager: Gaining focus: Window{dd11539 u0 Waiting For Debugger: com.example.cameratest}
10-11 21:29:24.635   934   934 I SurfaceFlinger:      DEVICE | 0x712fb1be40 | 0002 | RGBA_8888 |   0.0    0.0 1080.0 2400.0 |   67  149 1013 2251 | Splash Screen com.example.cameratest#0
10-11 21:29:24.635  1004  1333 V WindowManager: Relayout Window{dd11539 u0 Waiting For Debugger: com.example.cameratest}: viewVisibility=0 req=1080x654
10-11 21:29:24.637   934  1512 I SurfaceFlinger: id=650 createSurf (1092x666),1 flag=4, Waiting For Debugger: com.example.cameratest#0
10-11 21:29:24.637  1004  1333 D WindowManager: makeSurface duration=1 name=Waiting For Debugger: com.example.cameratest
10-11 21:29:24.639  1004  1333 D ViewRootImpl@4e8923d[cameratest]: Relayout returned: old=(0,90,1080,2265) new=(0,1611,1080,2265) req=(1080,654)0 dur=4 res=0x7 s={true 520566960128} ch=true
10-11 21:29:24.641  1004  1333 D ViewRootImpl@4e8923d[cameratest]: mThreadedRenderer.initialize() mSurface={isValid=true 520566960128} hwInitialized=true
10-11 21:29:24.643  1004  1333 D ViewRootImpl@4e8923d[cameratest]: [DrawPending] drawPending(1) 1 android.view.ViewRootImpl.reportNextDraw:9898 android.view.ViewRootImpl.performTraversals:3306 android.view.ViewRootImpl.doTraversal:2199 
10-11 21:29:24.643  1004  1333 D ViewRootImpl@4e8923d[cameratest]: [DrawPending] performDraw() Waiting asnyc report
10-11 21:29:24.661  1004  1333 D ViewRootImpl@4e8923d[cameratest]: [DrawPending] pendingDrawFinished(0) 1 android.view.ViewRootImpl.lambda$performDraw$1$ViewRootImpl:4027 android.view.-$$Lambda$ViewRootImpl$7A_3tkr_Kw4TZAeIUGVlOoTcZhg.run:4 android.os.Handler.handleCallback:883 
10-11 21:29:24.661  1004  1333 D ViewRootImpl@4e8923d[cameratest]: [DrawPending] reportDrawFinished()
10-11 21:29:24.661  1004  1333 D WindowManager: finishDrawingWindow: Window{dd11539 u0 Waiting For Debugger: com.example.cameratest} mDrawState=DRAW_PENDING
10-11 21:29:24.661  1004  1333 D WindowManager: setSystemUiVisibility: displayId=0, vis=0x8018, fullVis=0x0, dockVis=0x0, win=Window{dd11539 u0 Waiting For Debugger: com.example.cameratest}
10-11 21:29:24.662  1004  1333 D ViewRootImpl@4e8923d[cameratest]: MSG_WINDOW_FOCUS_CHANGED 1 1
10-11 21:29:24.662  1004  1333 D ViewRootImpl@4e8923d[cameratest]: mThreadedRenderer.initializeIfNeeded()#2 mSurface={isValid=true 520566960128}
10-11 21:29:24.662  1004  1336 I WindowManager: Reparenting to leash, surface=Surface(name=dd11539 Waiting For Debugger: com.example.cameratest)/@0x4c5c0d7, caller=com.android.server.wm.SurfaceAnimator.startAnimation:130 com.android.server.wm.WindowContainer.startAnimation:1296 com.android.server.wm.WindowState.startAnimation:5557 
10-11 21:29:24.662   934  1108 I SurfaceFlinger: id=651 createSurf (0x0),-1 flag=80004, Surface(name=dd11539 Waiting For Debugger: com.example.cameratest)/@0x4c5c0d7 - animation-leash#0
10-11 21:29:24.663  1004  1336 D WindowManager: makeSurface duration=1 leash=Surface(name=Surface(name=dd11539 Waiting For Debugger: com.example.cameratest)/@0x4c5c0d7 - animation-leash)/@0x63ecdc4
10-11 21:29:24.667  1004  1333 D ViewRootImpl@4e8923d[cameratest]: MSG_RESIZED: frame=(0,1611,1080,2265) ci=(0,0,0,0) vi=(0,0,1080,654) or=1
10-11 21:29:24.701   934   934 I SurfaceFlinger:      DEVICE | 0x712fb1be40 | 0002 | RGBA_8888 |   0.0    0.0 1080.0 2400.0 |   33   73 1047 2327 | Splash Screen com.example.cameratest#0
10-11 21:29:24.701   934   934 I SurfaceFlinger:      DEVICE | 0x711b63e3f0 | 0000 | RGBA_8888 |   6.0    0.0 1086.0  666.0 |    0 1674 1080 2340 | Waiting For Debugger: com.example.cameratest#0
10-11 21:29:24.718   934   934 I SurfaceFlinger:      DEVICE | 0x712fb1be40 | 0002 | RGBA_8888 |   0.0    0.0 1080.0 2400.0 |   27   60 1053 2340 | Splash Screen com.example.cameratest#0
10-11 21:29:24.718   934   934 I SurfaceFlinger:      DEVICE | 0x711b63e3f0 | 0000 | RGBA_8888 |   6.0    0.0 1086.0  666.0 |    0 1664 1080 2330 | Waiting For Debugger: com.example.cameratest#0
10-11 21:29:24.723  1004  1994 D MdnieScenarioControlService:  packageName : com.example.cameratest    className : com.example.cameratest.MainActivity
10-11 21:29:24.736 23300 23380 D PackageUpdater: update package: com.example.cameratest
10-11 21:29:24.744 23339 23339 D DualAppPackageEventReceiver: intent : Intent { act=com.samsung.android.da.daagent.PACKAGE_ADDED dat=package:com.example.cameratest flg=0x4000010 pkg=com.samsung.android.da.daagent cmp=com.samsung.android.da.daagent/.receiver.DualAppPackageEventReceiver (has extras) }
10-11 21:29:24.777  1004  1877 W WifiTransportLayerUtils: getApplicationCategory - IOException com.example.cameratest
10-11 21:29:24.811 23451 23451 D BBC_PackageEventReceiver: PackageEventReceiver onReceive() intent: Intent { act=com.samsung.android.da.daagent.PACKAGE_ADDED dat=package:com.example.cameratest flg=0x4000010 pkg=com.samsung.android.bbc.bbcagent cmp=com.samsung.android.bbc.bbcagent/.bbccontroller.receiver.PackageEventReceiver (has extras) }
10-11 21:29:24.812 23451 23451 D BBC_PackageEventReceiver: check smartscan app(not system app) case 0 , com.example.cameratest
10-11 21:29:24.881 23300 23380 D PackageUpdater: update: com.samsung.android.intent.action.DEVICE_SEARCH, com.example.cameratest, size=0
10-11 21:29:24.882 23300 23380 D PackageUpdater: update: com.samsung.android.search.intent.ACTION_CONTENT_SEARCH, com.example.cameratest, size=0
10-11 21:29:24.885  1004  1352 I GameManagerService: PkgInstallationReceiver, onPackageAdded : com.example.cameratest uid : 10325 userHandle : UserHandle{0} userID : 0
10-11 21:29:24.885  1004  1920 D GameManagerService:GosNotifyThread: notifyPackageChangedToGos(), before send intent to GOS. type:2, changeType: 0, packageName:com.example.cameratest
10-11 21:29:24.914  1004  2321 W BroadcastQueue: Background execution not allowed: receiving Intent { act=android.intent.action.PACKAGE_RESTARTED dat=package:com.example.cameratest flg=0x10 (has extras) } to android/com.kddi.android.CpaNotiReceiver
10-11 21:29:24.924 18627 18627 D FilterIntentReceiver: pkgName : com.example.cameratest
10-11 21:29:24.929 18660 18660 I EdgeLightingReceiver: com.samsung.android.app.edgelighting.PACKAGE_ADDED com.example.cameratest
10-11 21:29:24.934   934   934 I SurfaceFlinger:      DEVICE | 0x712fb1be40 | 0002 | RGBA_8888 |   0.0    0.0 1080.0 2400.0 |    0    0 1080 2400 | Splash Screen com.example.cameratest#0
10-11 21:29:24.934   934   934 I SurfaceFlinger:      DEVICE | 0x711b63e3f0 | 0000 | RGBA_8888 |   6.0    0.0 1086.0  666.0 |    0 1606 1080 2272 | Waiting For Debugger: com.example.cameratest#0
10-11 21:29:24.946  1004  1336 I WindowManager: Reparenting to original parent: Surface(name=Task=807)/@0xf9ff96f, destroyLeash=true, surface=Surface(name=AppWindowToken{3a4a063 token=Token{d30ce92 ActivityRecord{4b13eeb u0 com.example.cameratest/.MainActivity t807}}})/@0x6e56427, caller=com.android.server.wm.SurfaceAnimator.lambda$getFinishedCallback$0$SurfaceAnimator:98 com.android.server.wm.-$$Lambda$SurfaceAnimator$M9kRDTUpVS03LTqe-QLQz3DnMhk.run:6 com.android.server.wm.SurfaceAnimator.lambda$getFinishedCallback$1$SurfaceAnimator:104 
10-11 21:29:24.947  1004  1336 I DexWindowController: notifyAppTransitionFinishedIfNeeded: AppWindowToken{3a4a063 token=Token{d30ce92 ActivityRecord{4b13eeb u0 com.example.cameratest/.MainActivity t807}}} callers=com.android.server.wm.MultiTaskingWindowManager.notifyAppTransitionFinishedIfNeeded:438 com.android.server.wm.WindowManagerService$4.onAppTransitionFinishedLocked:1045 com.android.server.wm.AppTransition.notifyAppTransitionFinishedLocked:541 
10-11 21:29:24.948   934  1108 I Layer   : id=646 removeFromCurrentState Surface(name=AppWindowToken{3a4a063 token=Token{d30ce92 ActivityRecord{4b13eeb u0 com.example.cameratest/.MainActivity t807}}})/@0x6e56427 - animation-leash#0 (54)
10-11 21:29:24.948  1004  1333 D WindowManager: setSystemUiVisibility: displayId=0, vis=0x8008, fullVis=0x0, dockVis=0x0, win=Window{dd11539 u0 Waiting For Debugger: com.example.cameratest}
10-11 21:29:24.948   934  1108 I Layer   : id=647 removeFromCurrentState Surface(name=AppWindowToken{3a4a063 token=Token{d30ce92 ActivityRecord{4b13eeb u0 com.example.cameratest/.MainActivity t807}}})/@0x6e56427 - animation-bounds#0 (54)
10-11 21:29:24.948   934  1512 I SurfaceFlinger: id=646 Removed Surface(name=AppWindowToken{3a4a063 token=Token{d30ce92 ActivityRecord{4b13eeb u0 com.example.cameratest/.MainActivity t807}}})/@0x6e56427 - animation-leash#0 (54)
10-11 21:29:24.948   934  1512 I SurfaceFlinger: id=647 Removed Surface(name=AppWindowToken{3a4a063 token=Token{d30ce92 ActivityRecord{4b13eeb u0 com.example.cameratest/.MainActivity t807}}})/@0x6e56427 - animation-bounds#0 (54)
10-11 21:29:24.951 31096 23517 I GOS:MainIntentService: onHandleIntent(). changeType(INSTALLED), packageName(com.example.cameratest), UserHandle(0), Installed(true)
10-11 21:29:24.952  9244  9299 D [AirCmd]_RemoteSpenMainController: hasGeneralAction : packageName is com.example.cameratest, activityName is com.example.cameratest.MainActivity, hasActions is false
10-11 21:29:24.954  9244  9299 D [AirCmd]_RemoteSpenMainController: onSwitch : package is com.example.cameratest   and activity is com.example.cameratest.MainActivity and isBleConnected is true and hasActions is false
10-11 21:29:24.959 31096 23517 D GOS:SystemEventReactor: onPackageInstalled(). packageName: com.example.cameratest
10-11 21:29:24.963   934   934 I Layer   : id=647[1] Destroyed Surface(name=AppWindowToken{3a4a063 token=Token{d30ce92 ActivityRecord{4b13eeb u0 com.example.cameratest/.MainActivity t807}}})/@0x6e56427 - animation-bounds#0
10-11 21:29:24.964   934   934 I Layer   : id=646[1] Destroyed Surface(name=AppWindowToken{3a4a063 token=Token{d30ce92 ActivityRecord{4b13eeb u0 com.example.cameratest/.MainActivity t807}}})/@0x6e56427 - animation-leash#0
10-11 21:29:24.981  1004  1336 I WindowManager: Reparenting to original parent: Surface(name=WindowToken{2a15900 android.view.ViewRootImpl$W@4e8923d})/@0x17dd914, destroyLeash=true, surface=Surface(name=dd11539 Waiting For Debugger: com.example.cameratest)/@0x4c5c0d7, caller=com.android.server.wm.SurfaceAnimator.lambda$getFinishedCallback$0$SurfaceAnimator:98 com.android.server.wm.-$$Lambda$SurfaceAnimator$M9kRDTUpVS03LTqe-QLQz3DnMhk.run:6 com.android.server.wm.SurfaceAnimator.lambda$getFinishedCallback$1$SurfaceAnimator:104 
10-11 21:29:24.981   934  1089 I Layer   : id=651 removeFromCurrentState Surface(name=dd11539 Waiting For Debugger: com.example.cameratest)/@0x4c5c0d7 - animation-leash#0 (50)
10-11 21:29:24.982   934  1089 I SurfaceFlinger: id=651 Removed Surface(name=dd11539 Waiting For Debugger: com.example.cameratest)/@0x4c5c0d7 - animation-leash#0 (50)
10-11 21:29:24.984  1004  1352 D MetaDataCollector: onReceive: done pkgName=com.example.cameratest
10-11 21:29:24.984  1004  1352 D LauncherAppsService: onReceive: Intent { act=android.intent.action.PACKAGE_ADDED dat=package:com.example.cameratest flg=0x4000010 (has extras) }
10-11 21:29:24.985  1004  1352 D LauncherAppsService: Callback onPackageAdded: com.example.cameratest, userId: 0, listener: com.samsung.android.fast
10-11 21:29:24.985  1004  1352 D LauncherAppsService: Callback onPackageAdded: com.example.cameratest, userId: 0, listener: com.google.android.as
10-11 21:29:24.985  1004  1352 D LauncherAppsService: Callback onPackageAdded: com.example.cameratest, userId: 0, listener: com.sec.android.app.launcher
10-11 21:29:24.986  2558  2558 D RecommendedItemsProvider: onPackageAdded: com.example.cameratest / UserHandle{0}
10-11 21:29:24.986  2558  8904 D PackageUpdatedTask: mAllAppsList.addPackage com.example.cameratest
10-11 21:29:24.997   934   934 I Layer   : id=651[1] Destroyed Surface(name=dd11539 Waiting For Debugger: com.example.cameratest)/@0x4c5c0d7 - animation-leash#0
10-11 21:29:24.997  2558  8904 D AppIconSolution: getThemeIconWithBG called with public API, pkg = com.example.cameratest
10-11 21:29:24.998  2558  8904 D LauncherActivityInfo: packageName: com.example.cameratest, useThemeIcon: false, height: 202, width: 202, density: 640
10-11 21:29:25.003 27270 27270 D securewifi: AppsCallback: onPackageAdded: package=com.example.cameratest, userId=0
10-11 21:29:25.004  1004  1352 D LauncherAppsService: onReceive: Intent { act=android.intent.action.PACKAGE_RESTARTED dat=package:com.example.cameratest flg=0x10 (has extras) }
10-11 21:29:25.012  2558  8904 D PackageUpdatedTask: added, appInfo : AppInfo(id=104 type=APP hidden=0 container=-102 screen=-1 rank=0 user=UserHandle{0} title=cameratest componentName=ComponentInfo{com.example.cameratest/com.example.cameratest.MainActivity} screenType=0)
10-11 21:29:25.013  2558  8904 D AppsModelWriter: addItems(start)> 0, 104, 0, -102, -1, 0, UserHandle{0}, 0, cameratest, -1, -1
10-11 21:29:25.016  2558  8904 D AppsModelWriter: normalizeVisibleItems(visibleItems)> 0, 104, 0, -102, 2, 1, UserHandle{0}, 0, cameratest, -1, -1
10-11 21:29:25.016  2558  8904 D AppsModelWriter: addItems(end) : addItem> 0, 104, 0, -102, 2, 1, UserHandle{0}, 0, cameratest, -1, -1
10-11 21:29:25.019  2558  8904 I PostPositionOperator: addItem() - com.example.cameratest, isWidgetOnly : true
10-11 21:29:25.029  2558  8904 D GameLauncherManagerImp: com.example.cameratest does not contain game list
10-11 21:29:25.031  2558  2558 D AppsModelWriter: normalizeVisibleItems(visibleItems)> 0, 104, 0, -102, 2, 1, UserHandle{0}, 0, cameratest, -1, -1
10-11 21:29:25.130  1004  1335 D TspStateManagerInternal: updateWindowPolicy focusedWindow = Window{dd11539 u0 Waiting For Debugger: com.example.cameratest}, isDeviceDefault=true,packageName=null,command=portX1=7,portX2=24,landX1=15,portEdge=45,landEdge=45,mLandTopRejecttWidth=25,mLandBottomRejectWidth=25,mLandTopGriptWidth=47,mLandBottomGripWidth=47
10-11 21:29:25.353 31096 23517 D GOS:EventSubscriptionDbHelper: getSubscriberApps(com.example.cameratest)
10-11 21:29:26.196  1004  1333 D ViewRootImpl@4e8923d[cameratest]: mThreadedRenderer.destroy()#4
10-11 21:29:26.196  1004  1333 D ViewRootImpl@4e8923d[cameratest]: dispatchDetachedFromWindow
