10-11 21:29:56.064  1004  1333 I WindowManager: Reparenting to leash, surface=Surface(name=da5e19 Application Error: com.example.cameratest)/@0x9dd16c1, caller=com.android.server.wm.SurfaceAnimator.startAnimation:130 com.android.server.wm.WindowContainer.startAnimation:1296 com.android.server.wm.WindowState.startAnimation:5557 
10-11 21:29:56.064   934  2704 I SurfaceFlinger: id=719 createSurf (0x0),-1 flag=80004, Surface(name=da5e19 Application Error: com.example.cameratest)/@0x9dd16c1 - animation-leash#1
10-11 21:29:56.064  1004  1333 D WindowManager: makeSurface duration=1 leash=Surface(name=Surface(name=da5e19 Application Error: com.example.cameratest)/@0x9dd16c1 - animation-leash)/@0xd0cdcf9
10-11 21:29:56.065   934  2704 I Layer   : id=716 removeFromCurrentState Surface(name=da5e19 Application Error: com.example.cameratest)/@0x9dd16c1 - animation-leash#0 (55)
10-11 21:29:56.065   934  2704 I SurfaceFlinger: id=716 Removed Surface(name=da5e19 Application Error: com.example.cameratest)/@0x9dd16c1 - animation-leash#0 (55)
10-11 21:29:56.067  1004  1333 D ViewRootImpl@c9be963[cameratest]: Relayout returned: old=(0,1678,1080,2265) new=(0,1729,1080,2265) req=(1080,536)0 dur=8 res=0x21 s={true 520568868864} ch=false
10-11 21:29:56.067  1004  1333 D ViewRootImpl@c9be963[cameratest]: mThreadedRenderer.updateSurface() mSurface={isValid=true 520568868864}
10-11 21:29:56.068  1004  1333 D WindowManager: setSystemUiVisibility: displayId=0, vis=0x8008, fullVis=0x0, dockVis=0x0, win=Window{da5e19 u0 Application Error: com.example.cameratest}
10-11 21:29:56.072  1004  1333 D ViewRootImpl@c9be963[cameratest]: MSG_RESIZED_REPORT: frame=(0,1729,1080,2265) ci=(0,0,0,0) vi=(0,0,1080,536) or=1
10-11 21:29:56.072  1004  1333 D ViewRootImpl@c9be963[cameratest]: [DrawPending] drawPending(1) 1 android.view.ViewRootImpl.reportNextDraw:9898 android.view.ViewRootImpl.access$900:205 android.view.ViewRootImpl$ViewRootHandler.handleMessage:5316 
10-11 21:29:56.072   934   934 I Layer   : id=709[1] Destroyed Splash Screen com.example.cameratest#0
10-11 21:29:56.072  1004  1333 D ViewRootImpl@c9be963[cameratest]: MSG_RESIZED: frame=(0,1729,1080,2265) ci=(0,0,0,0) vi=(0,0,1080,536) or=1
10-11 21:29:56.072   934   934 I Layer   : id=716[1] Destroyed Surface(name=da5e19 Application Error: com.example.cameratest)/@0x9dd16c1 - animation-leash#0
10-11 21:29:56.073   934   934 I Layer   : id=708[1] Destroyed 703c937 Splash Screen com.example.cameratest#0
10-11 21:29:56.077   934   934 I SurfaceFlinger:      DEVICE | 0x712b438030 | 0000 | RGBA_8888 |   6.0    0.0 1086.0  548.0 |    0 1672 1080 2220 | Application Error: com.example.cameratest#0
10-11 21:29:56.089  1004  1333 D ViewRootImpl@c9be963[cameratest]: [DrawPending] performDraw() Waiting asnyc report
10-11 21:29:56.092  1004  1333 D ViewRootImpl@c9be963[cameratest]: [DrawPending] pendingDrawFinished(0) 1 android.view.ViewRootImpl.lambda$performDraw$1$ViewRootImpl:4027 android.view.-$$Lambda$ViewRootImpl$7A_3tkr_Kw4TZAeIUGVlOoTcZhg.run:4 android.os.Handler.handleCallback:883 
10-11 21:29:56.092  1004  1333 D ViewRootImpl@c9be963[cameratest]: [DrawPending] reportDrawFinished()
10-11 21:29:56.092  1004  1333 D WindowManager: finishDrawingWindow: Window{da5e19 u0 Application Error: com.example.cameratest} mDrawState=HAS_DRAWN
10-11 21:29:56.109   934   934 I SurfaceFlinger:      DEVICE | 0x711b63e3f0 | 0000 | RGBA_8888 |   6.0    0.0 1086.0  548.0 |    0 1682 1080 2230 | Application Error: com.example.cameratest#0
10-11 21:29:56.219 23583 24395 D BatteryFasDaoImpl: Added p=com.example.cameratest uid=10325 key=-351505891
10-11 21:29:56.221 23583 24395 V FasUtils: There is com.example.cameratest [10325] in FAS table
10-11 21:29:56.222 23583 24395 D AppHistoryFactory: type : 20 / app : com.example.cameratest
10-11 21:29:56.225 18372 21787 D SmProvider: history summary update : com.example.cameratest
10-11 21:29:56.247 23583 24395 W AppErrorNotification: Skip. com.example.cameratest is not notiable item
10-11 21:29:56.298 24399 24431 D DQA     : [DBManager]Insert DB Success. data: testdc1qftnFCNRcpuidSM8250_NotSetdst3600000crv8tz-420nlg{"TYPE":"FC","NAME":"com.example.cameratest","VER":"1.0","REASON":"java.lang.ClassNotFoundException","STACK":"java.lang.RuntimeException: Unable to instantiate activity ComponentInfo{com.example.cameratest/com.example.cameratest.MainActivity}: java.lang.ClassNotFoundException: Didn't find class 'com.example.cameratest.MainActivity' on path: DexPathList[[zip file '/data/app/com.example.cameratest-AB8IQxba-Bv0Yhw6nVhYlg==/base.apk'],nativeLibraryDirectories=[/data/app/com.example.cameratest-AB8IQxba-Bv0Yhw6nVhYlg==/lib/arm64, /data/app/com.example.cameratest-AB8IQxba-Bv0Yhw6nVhYlg==/base.apk!/lib/arm64-v8a, /system/lib64, /product/lib64]]  at android.app.ActivityThread.performLaunchActivity(ActivityThread.java:3521)  at android.app.ActivityThread.handleLaunchActivity(ActivityThread.java:3780)  at android.app.servertransaction.LaunchActivityItem.execute(LaunchActivityItem.java:83)  at android.app.servertransaction.TransactionExecutor.executeCallbacks(TransactionExecutor.java:135)  at android.app.s"}cpvN981U1UEU0ATFAdmSM-N981U1do10cscvN981U1OYM0ATFAfvN981U1UEU0ATFAtphlaenav1.3.03appidcom.samsung.android.hqmun98926C5A304643424131sgidTEQ0042McsccVZWcidAPP
10-11 21:29:56.472  1004  1336 I WindowManager: Reparenting to original parent: Surface(name=WindowToken{510b960 android.view.ViewRootImpl$W@c9be963})/@0xdc1d543, destroyLeash=true, surface=Surface(name=da5e19 Application Error: com.example.cameratest)/@0x9dd16c1, caller=com.android.server.wm.SurfaceAnimator.lambda$getFinishedCallback$0$SurfaceAnimator:98 com.android.server.wm.-$$Lambda$SurfaceAnimator$M9kRDTUpVS03LTqe-QLQz3DnMhk.run:6 com.android.server.wm.SurfaceAnimator.lambda$getFinishedCallback$1$SurfaceAnimator:104 
10-11 21:29:56.475   934  1512 I Layer   : id=719 removeFromCurrentState Surface(name=da5e19 Application Error: com.example.cameratest)/@0x9dd16c1 - animation-leash#1 (51)
10-11 21:29:56.476   934  1512 I SurfaceFlinger: id=719 Removed Surface(name=da5e19 Application Error: com.example.cameratest)/@0x9dd16c1 - animation-leash#1 (51)
10-11 21:29:56.486  1004  1335 W ActivityTaskManager: Activity top resumed state loss timeout for ActivityRecord{a13dfc8 u0 com.example.cameratest/.MainActivity t809 f}
10-11 21:29:56.487  1004  1335 W ActivityTaskManager: Activity pause timeout for ActivityRecord{a13dfc8 u0 com.example.cameratest/.MainActivity t809 f}
10-11 21:29:56.488  1004  1335 D ActivityTaskManager: addToStopping, r=ActivityRecord{a13dfc8 u0 com.example.cameratest/.MainActivity t809 f}, caller=com.android.server.wm.ActivityStack.finishCurrentActivityLocked:4955 com.android.server.wm.ActivityStack.completePauseLocked:2253 com.android.server.wm.ActivityStack.activityPausedLocked:2219 com.android.server.wm.ActivityStack$ActivityStackHandler.handleMessage:523 android.os.Handler.dispatchMessage:107 android.os.Looper.loop:237 
10-11 21:29:56.489   934   934 I Layer   : id=719[1] Destroyed Surface(name=da5e19 Application Error: com.example.cameratest)/@0x9dd16c1 - animation-leash#1
10-11 21:29:56.495  1004  1335 D ActivityManagerPerformance: [Activity] prev: ActivityRecord{a13dfc8 u0 com.example.cameratest/.MainActivity t809 f}, cur: ActivityRecord{7dbe088 u0 com.sec.android.app.launcher/.activities.LauncherActivity t779}
10-11 21:29:56.500  1004  1335 I DexWindowController: notifyAppTransitionFinishedIfNeeded: AppWindowToken{dc9c299 token=Token{144dfe0 ActivityRecord{a13dfc8 u0 com.example.cameratest/.MainActivity t809}}} callers=com.android.server.wm.MultiTaskingWindowManager.notifyAppTransitionFinishedIfNeeded:438 com.android.server.wm.WindowManagerService$4.onAppTransitionFinishedLocked:1045 com.android.server.wm.AppTransition.notifyAppTransitionFinishedLocked:541 
10-11 21:29:56.510  1004  1335 D GameManagerService: notePauseComponent(), received paused-component: com.example.cameratest
10-11 21:29:56.512   934   934 I SurfaceFlinger:      DEVICE | 0x711b63e3f0 | 0000 | RGBA_8888 |   6.0    0.0 1086.0  548.0 |    0 1723 1080 2271 | Application Error: com.example.cameratest#0
10-11 21:29:56.518  1004  1335 D TspStateManagerInternal: updateWindowPolicy focusedWindow = Window{da5e19 u0 Application Error: com.example.cameratest}, isDeviceDefault=true,packageName=null,command=portX1=7,portX2=24,landX1=15,portEdge=45,landEdge=45,mLandTopRejecttWidth=25,mLandBottomRejectWidth=25,mLandTopGriptWidth=47,mLandBottomGripWidth=47
10-11 21:29:57.956  1004  1802 D PkgPredictorService-AufHitCalculation: processForegroundChanged process: com.example.cameratest uid:0 TotalCount:4 hit5: 2 [50%] hit10: 2 [50%] hit15: 2 [50%] hit20: 2 [50%] hit25: 2 [50%] hit30: 2 [50%] etc: 0 [0%]
10-11 21:29:57.960  1004  1953 I Pageboost: db create : CREATE TABLE IF NOT EXISTS comexamplecameratest (FILENAME TEXT, OFFSET INTEGER, SIZE INTEGER, FORVRAMDISK INTEGER, BITMAP BLOB, unique (FILENAME, OFFSET) );
10-11 21:29:57.963  1004  1953 I Pageboost: db create : CREATE TABLE IF NOT EXISTS comexamplecameratest (FILENAME TEXT, OFFSET INTEGER, SIZE INTEGER, FORVRAMDISK INTEGER, BITMAP BLOB, unique (FILENAME, OFFSET) );
10-11 21:29:57.972  1004  1953 I Pageboost: db update :com.example.cameratest ret 79
10-11 21:29:58.020  1004  1953 I Pageboost: memUsage collected : 16540 0 0 for com.example.cameratest 23666
10-11 21:29:58.446  1004  1333 D ViewRootImpl@c9be963[cameratest]: ViewPostIme pointer 0
10-11 21:29:58.450  1004  1333 D ViewRootImpl@c9be963[cameratest]: ViewPostIme pointer 1
10-11 21:29:58.455  1004  2552 W ActivityTaskManager:   Force finishing activity com.example.cameratest/.MainActivity
10-11 21:29:58.457   934  1089 I Layer   : id=707 removeFromCurrentState AppWindowToken{dc9c299 token=Token{144dfe0 ActivityRecord{a13dfc8 u0 com.example.cameratest/.MainActivity t809}}}#0 (50)
10-11 21:29:58.459  1004  2552 I ActivityManager: Killing 23666:com.example.cameratest/u0a325 (adj 900): crash
10-11 21:29:58.462   934  1513 I SurfaceFlinger: id=707 Removed AppWindowToken{dc9c299 token=Token{144dfe0 ActivityRecord{a13dfc8 u0 com.example.cameratest/.MainActivity t809}}}#0 (50)
10-11 21:29:58.463  1004  1333 D ViewRootImpl@c9be963[cameratest]: mThreadedRenderer.destroy()#4
10-11 21:29:58.463  1004  1333 D ViewRootImpl@c9be963[cameratest]: dispatchDetachedFromWindow
10-11 21:29:58.465  1004  1333 I WindowManager: Reparenting to leash, surface=Surface(name=da5e19 Application Error: com.example.cameratest)/@0x9dd16c1, caller=com.android.server.wm.SurfaceAnimator.startAnimation:130 com.android.server.wm.WindowContainer.startAnimation:1296 com.android.server.wm.WindowState.startAnimation:5557 
10-11 21:29:58.465   934  1108 I SurfaceFlinger: id=720 createSurf (0x0),-1 flag=80004, Surface(name=da5e19 Application Error: com.example.cameratest)/@0x9dd16c1 - animation-leash#0
10-11 21:29:58.465  1004  1333 D WindowManager: makeSurface duration=0 leash=Surface(name=Surface(name=da5e19 Application Error: com.example.cameratest)/@0x9dd16c1 - animation-leash)/@0x69cc36f
10-11 21:29:58.466  1004  1333 V WindowManager: Changing focus from Window{da5e19 u0 Application Error: com.example.cameratest EXITING} to Window{c1fa18b u0 com.sec.android.app.launcher/com.sec.android.app.launcher.activities.LauncherActivity} displayId=0 Callers=com.android.server.wm.RootWindowContainer.updateFocusedWindowLocked:203 com.android.server.wm.WindowManagerService.updateFocusedWindowLocked:6462 com.android.server.wm.WindowState.setupWindowForRemoveOnExit:2526 com.android.server.wm.WindowState.removeIfPossible:2495 com.android.server.wm.WindowState.removeIfPossible:2382 com.android.server.wm.WindowManagerService.removeWindow:2060 
10-11 21:29:58.470   934   934 I Layer   : id=707[1] Destroyed AppWindowToken{dc9c299 token=Token{144dfe0 ActivityRecord{a13dfc8 u0 com.example.cameratest/.MainActivity t809}}}#0
10-11 21:29:58.473  1004  6139 E InputDispatcher: Window handle Window{da5e19 u0 Application Error: com.example.cameratest} has no registered input channel
10-11 21:29:58.473  1004  1335 I WindowManager: Focus moving from Window{da5e19 u0 Application Error: com.example.cameratest EXITING} to Window{c1fa18b u0 com.sec.android.app.launcher/com.sec.android.app.launcher.activities.LauncherActivity} displayId=0
10-11 21:29:58.473  1004  1335 I WindowManager: Losing focus: Window{da5e19 u0 Application Error: com.example.cameratest EXITING}
10-11 21:29:58.770  1004  1336 I WindowManager: Reparenting to original parent: Surface(name=WindowToken{510b960 android.view.ViewRootImpl$W@c9be963})/@0xdc1d543, destroyLeash=true, surface=Surface(name=da5e19 Application Error: com.example.cameratest)/@0x9dd16c1, caller=com.android.server.wm.SurfaceAnimator.lambda$getFinishedCallback$0$SurfaceAnimator:98 com.android.server.wm.-$$Lambda$SurfaceAnimator$M9kRDTUpVS03LTqe-QLQz3DnMhk.run:6 com.android.server.wm.SurfaceAnimator.lambda$getFinishedCallback$1$SurfaceAnimator:104 
10-11 21:29:58.787   934  1512 I Layer   : id=720 removeFromCurrentState Surface(name=da5e19 Application Error: com.example.cameratest)/@0x9dd16c1 - animation-leash#0 (49)
10-11 21:29:58.789  1004  1336 I WindowManager: Destroying surface Surface(name=Application Error: com.example.cameratest)/@0xb64243e called by com.android.server.wm.WindowStateAnimator.destroySurface:1783 com.android.server.wm.WindowStateAnimator.destroySurfaceLocked:713 com.android.server.wm.WindowState.destroySurfaceUnchecked:3587 com.android.server.wm.RootWindowContainer.performSurfacePlacementNoTrace:812 com.android.server.wm.RootWindowContainer.performSurfacePlacement:670 com.android.server.wm.WindowSurfacePlacer.performSurfacePlacementLoop:180 com.android.server.wm.WindowSurfacePlacer.performSurfacePlacement:111 com.android.server.wm.WindowSurfacePlacer.performSurfacePlacement:99 
10-11 21:29:58.789   934  1089 I SurfaceFlinger: id=720 Removed Surface(name=da5e19 Application Error: com.example.cameratest)/@0x9dd16c1 - animation-leash#0 (49)
10-11 21:29:58.789   934  1512 I Layer   : id=715 removeFromCurrentState Application Error: com.example.cameratest#0 (49)
10-11 21:29:58.790   934  1089 I SurfaceFlinger: id=715 Removed Application Error: com.example.cameratest#0 (49)
10-11 21:29:58.790   934  2704 I Layer   : id=714 removeFromCurrentState da5e19 Application Error: com.example.cameratest#0 (49)
10-11 21:29:58.803   934   934 I Layer   : id=720[1] Destroyed Surface(name=da5e19 Application Error: com.example.cameratest)/@0x9dd16c1 - animation-leash#0
10-11 21:29:58.803   934   934 I Layer   : id=715[1] Destroyed Application Error: com.example.cameratest#0
10-11 21:30:14.609   934  2704 I SurfaceFlinger: id=714 Removed da5e19 Application Error: com.example.cameratest#0 (44)
10-11 21:30:14.611   934   934 I Layer   : id=714[1] Destroyed da5e19 Application Error: com.example.cameratest#0
10-11 21:30:15.489  1004  1953 I Pageboost: IO Prefetch for : com.example.cameratest
10-11 21:30:15.505  3262 24613 E pageboostd: prefetch start : app comexamplecameratest
10-11 21:30:15.513  3262 24613 E pageboostd: comexamplecameratest, amt 0 scnt 2 fcnt 1
10-11 21:30:15.513  3262 24613 E pageboostd: prefetch end : app comexamplecameratest data_amount 0
10-11 21:31:14.568  2558  8904 D AppsModelWriter: normalizeVisibleItems(visibleItems)> 0, 104, 0, -102, 2, 1, UserHandle{0}, 0, cameratest, -1, -1
10-11 21:31:14.870 31096 26388 I GOS:DataUpdater: updatePackageList(), src pkgNameList, size: 9, [com.FullFocusStudio.FeelFPV, com.Orqa.FPVSkyDive, com.supercell.brawlstars, com.example.cameratest, com.example.myapplication3, com.example.testcam2, com.microsoft.appmanager, com.samsung.SDMHiddenMenu, com.samsung.android.game.gos]
10-11 21:31:14.890 31096 26388 I GOS:DataUpdater: updatePackageList(), filtered pkgNameList, size: 8, [com.FullFocusStudio.FeelFPV, com.Orqa.FPVSkyDive, com.supercell.brawlstars, com.example.cameratest, com.example.myapplication3, com.example.testcam2, com.microsoft.appmanager, com.samsung.SDMHiddenMenu] 
10-11 21:31:14.901 31096 26388 D GOS:NetworkConnector: getPkgResponseList(), packageNameList.size(): 7, packageNameList: [com.FullFocusStudio.FeelFPV, com.Orqa.FPVSkyDive, com.supercell.brawlstars, com.example.cameratest, com.example.myapplication3, com.example.testcam2, com.samsung.SDMHiddenMenu]
10-11 21:31:14.903 31096 26388 D GOS:NetworkConnector: getPackageNamesForQuery(), log:[packageCount: 7, countSum: 7, length: 169byte, packageNames: com.FullFocusStudio.FeelFPV,com.Orqa.FPVSkyDive,com.supercell.brawlstars,com.example.cameratest,com.example.myapplication3,com.example.testcam2,com.samsung.SDMHiddenMenu]
10-11 21:31:14.997 31096 26388 D GOS:NetworkConnector: doDirectly(), Response isSuccessful, responseCode: 200, URL: PRD/v4/packages?package_names=com.FullFocusStudio.FeelFPV,com.Orqa.FPVSkyDive,com.supercell.brawlstars,com.example.cameratest,com.example.myapplication3,com.example.testcam2,com.samsung.SDMHiddenMenu, response: [{"pkg_name":"com.FullFocusStudio.FeelFPV", "pkg_type":"game"}, {"pkg_name":"com.example.cameratest", "pkg_type":"unknown"}, {"pkg_name":"com.supercell.brawlstars", "pkg_type":"game"}, {"pkg_name":"com.samsung.SDMHiddenMenu", "pkg_type":"unknown"}, {"pkg_name":"com.Orqa.FPVSkyDive", "pkg_type":"game"}, {"pkg_name":"com.example.myapplication3", "pkg_type":"unknown"}, {"pkg_name":"com.example.testcam2", "pkg_type":"unknown"}]
10-11 21:31:14.998 31096 26388 D GOS:NetworkConnector: getCategoryFromServer(), request: PRD/v4/packages?package_names=com.FullFocusStudio.FeelFPV,com.Orqa.FPVSkyDive,com.supercell.brawlstars,com.example.cameratest,com.example.myapplication3,com.example.testcam2,com.samsung.SDMHiddenMenu, v4PkgResponse: [{"pkg_name":"com.FullFocusStudio.FeelFPV", "pkg_type":"game"}, {"pkg_name":"com.example.cameratest", "pkg_type":"unknown"}, {"pkg_name":"com.supercell.brawlstars", "pkg_type":"game"}, {"pkg_name":"com.samsung.SDMHiddenMenu", "pkg_type":"unknown"}, {"pkg_name":"com.Orqa.FPVSkyDive", "pkg_type":"game"}, {"pkg_name":"com.example.myapplication3", "pkg_type":"unknown"}, {"pkg_name":"com.example.testcam2", "pkg_type":"unknown"}]
10-11 21:31:14.998 31096 26388 D GOS:NetworkConnector: getCategoryFromServer(): [{"pkg_name":"com.example.cameratest", "pkg_type":"unknown"}, {"pkg_name":"com.samsung.SDMHiddenMenu", "pkg_type":"unknown"}, {"pkg_name":"com.example.myapplication3", "pkg_type":"unknown"}, {"pkg_name":"com.example.testcam2", "pkg_type":"unknown"}]
10-11 21:31:15.101 31096 26388 D GOS:DataUpdater: mergePackageAndNotify(), com.example.cameratest
10-11 21:31:26.847  2558  8904 D RecommendedItemUtils: createItemInfoFromModel: com.example.cameratest, com.example.cameratest.MainActivity, UserHandle{0}
10-11 21:31:26.848  2558  8904 D RecommendedItemsProvider: <NEW> : (1) [{com.example.cameratest/com.example.cameratest.MainActivity} / UserHandle{0}]
10-11 21:31:26.852  2558  8904 D RecommendedItemsProvider: <RecommendedItems> : (6) [{com.example.cameratest/com.example.cameratest.MainActivity} / UserHandle{0}, {com.example.myapplication3/com.example.myapplication3.MainActivity} / UserHandle{0}, {com.android.settings/com.android.settings.Settings} / UserHandle{0}, {com.samsung.android.calendar/com.samsung.android.app.calendar.activity.MainActivity} / UserHandle{0}, {com.sec.android.app.clockpackage/com.sec.android.app.clockpackage.ClockPackage} / UserHandle{0}, {com.sec.android.app.popupcalculator/com.sec.android.app.popupcalculator.Calculator} / UserHandle{0}]
10-11 21:31:26.852  2558  8904 D RecommendedItemsProvider: <*Result*> : (4) [{com.example.cameratest/com.example.cameratest.MainActivity} / UserHandle{0}, {com.example.myapplication3/com.example.myapplication3.MainActivity} / UserHandle{0}, {com.android.settings/com.android.settings.Settings} / UserHandle{0}, {com.samsung.android.calendar/com.samsung.android.app.calendar.activity.MainActivity} / UserHandle{0}]
10-11 21:31:28.752  2558  2558 D Launcher.AppsPagedView: setApps => id: 104, rank: 1, screenId: 2, cellX: 1, cellY: 0, container: -102, dirty: false, title: cameratest, isFolder: false, user: UserHandle{0}, disabled: false, screenType: 0
10-11 21:31:29.242  1004  1953 I Pageboost: IO Prefetch for : com.example.cameratest
10-11 21:31:29.242  3262 27670 E pageboostd: prefetch start : app comexamplecameratest
10-11 21:31:29.243  3262 27670 E pageboostd: comexamplecameratest, amt 0 scnt 2 fcnt 1
10-11 21:31:29.243  3262 27670 E pageboostd: prefetch end : app comexamplecameratest data_amount 0
10-11 21:31:29.849  2558  2558 D Launcher.AppsPagedView: setApps => id: 104, rank: 1, screenId: 2, cellX: 1, cellY: 0, container: -102, dirty: false, title: cameratest, isFolder: false, user: UserHandle{0}, disabled: false, screenType: 0
10-11 21:31:30.443  1004  1953 I Pageboost: IO Prefetch for : com.example.cameratest
10-11 21:31:30.462  3262 27960 E pageboostd: prefetch start : app comexamplecameratest
10-11 21:31:30.474  3262 27960 E pageboostd: comexamplecameratest, amt 0 scnt 2 fcnt 1
10-11 21:31:30.474  3262 27960 E pageboostd: prefetch end : app comexamplecameratest data_amount 0
10-11 21:31:32.222  1004  1953 I Pageboost: IO Prefetch for : com.example.cameratest
10-11 21:31:32.237  3262 28180 E pageboostd: prefetch start : app comexamplecameratest
10-11 21:31:32.238  3262 28180 E pageboostd: comexamplecameratest, amt 0 scnt 2 fcnt 1
10-11 21:31:32.238  3262 28180 E pageboostd: prefetch end : app comexamplecameratest data_amount 0
10-11 21:31:33.684  2558  8904 D AppsModelWriter: normalizeVisibleItems(visibleItems)> 0, 104, 0, -102, 2, 1, UserHandle{0}, 0, cameratest, -1, -1
10-11 21:31:36.003  1004  1923 I Pageboost: start active launch : com.example.cameratest
10-11 21:31:36.003  1004  1953 I Pageboost: active launch for : com.example.cameratest , 1
10-11 21:31:36.003  3262 28387 E pageboostd: active launch start : app comexamplecameratest
10-11 21:31:36.004  3262 28387 E pageboostd: comexamplecameratest, amt 297430 scnt 2 fcnt 0
10-11 21:31:36.004  3262 28387 E pageboostd: comexamplecameratest, amt 0 scnt 2 fcnt 1
10-11 21:31:36.004  3262 28387 E pageboostd: active launch end : app comexamplecameratest data_amount 297430
10-11 21:31:36.006  1004  1923 I ApplicationPolicy: isApplicationExternalStorageWhitelisted:com.example.cameratest user:0
10-11 21:31:36.006  1004  1923 D ActivityManager: package  com.example.cameratest, user - 0 is SDcard whitelisted
10-11 21:31:36.006  1004  1923 I ApplicationPolicy: isApplicationExternalStorageBlacklisted:com.example.cameratest user:0
10-11 21:31:36.006  1004  1923 I ApplicationPolicy: isApplicationExternalStorageBlacklisted:com.example.cameratest user:0
10-11 21:31:36.025  1004  1354 I ActivityManager: Start proc 24069:com.example.cameratest/u0a325 for activelaunch {com.example.cameratest/com.example.cameratest.MainActivity}
10-11 21:31:36.042  1004  8962 I ActivityManager: DSS OFF for com.example.cameratest
10-11 21:31:36.043  1004  9755 I ActivityTaskManager: START u0 {act=android.intent.action.MAIN typ=null flg=0x10200000 cmp=ComponentInfo{com.example.cameratest/com.example.cameratest.MainActivity}} from uid 10149
10-11 21:31:36.043  1004  9755 D ApplicationPolicy: getApplicationStateEnabled : pkg = com.example.cameratest userId : 0
10-11 21:31:36.045  1004  9755 D ActivityManagerPerformance: onActivityStartLocked() r: com.example.cameratest (ActivityRecord{87d6f71 u0 com.example.cameratest/.MainActivity t-1})
10-11 21:31:36.045  1004  9755 D ActivityManagerPerformance: setBoosterAppSwitch() onoff: true, r: com.example.cameratest (ActivityRecord{87d6f71 u0 com.example.cameratest/.MainActivity t-1}), curBoost: null (null)
10-11 21:31:36.048  1004  2739 D ActivityManagerPerformance: Received MSG_CFMS_HINT_AMS_SWITCH pkgName: com.example.cameratest
10-11 21:31:36.048  1004  9755 D ActivityTaskManager: MultiTaskingTaskLaunchParamsModifier:task=null activity=ActivityRecord{87d6f71 u0 com.example.cameratest/.MainActivity t-1} display-from-source=0 display-id=0 display-windowing-mode=1
10-11 21:31:36.049  1004  9755 D ActivityTaskManager: MultiTaskingTaskLaunchParamsModifier:task=null activity=ActivityRecord{87d6f71 u0 com.example.cameratest/.MainActivity t-1} display-from-source=0 display-id=0 display-windowing-mode=1 activity-options-fullscreen=Rect(0, 0 - 0, 0) non-freeform-display maximized-bounds
10-11 21:31:36.050  1004  9755 D ActivityTaskManager: MultiTaskingTaskLaunchParamsModifier:task=TaskRecord{bf6ece2 #810 A=com.example.cameratest U=0 StackId=31 sz=0} activity=ActivityRecord{87d6f71 u0 com.example.cameratest/.MainActivity t-1} display-from-task=0 display-id=0 display-windowing-mode=1 activity-options-fullscreen=Rect(0, 0 - 0, 0) non-freeform-display maximized-bounds
10-11 21:31:36.052  1004  9755 I WindowManager: isChangeTransitionBlockedByCommonPolicy: false, AppWindowToken{1a73330 token=Token{d1be873 ActivityRecord{87d6f71 u0 com.example.cameratest/.MainActivity t810}}}, Thumb=null, isReallyAnimating=false, TransitChangeLeash=null, DisplayFrozen=false, RotationAnim=null, Stack=null, isVisible=true, SC=null)
10-11 21:31:36.052  1004  9755 I WindowManager: isChangeTransitionBlockedByCommonPolicy: false, AppWindowToken{1a73330 token=Token{d1be873 ActivityRecord{87d6f71 u0 com.example.cameratest/.MainActivity t810}}}, Thumb=null, isReallyAnimating=false, TransitChangeLeash=null, DisplayFrozen=false, RotationAnim=null, Stack={stackId=31 tasks=[{taskId=810 appTokens=[AppWindowToken{1a73330 token=Token{d1be873 ActivityRecord{87d6f71 u0 com.example.cameratest/.MainActivity t810}}}] mdr=false}]}, isVisible=false, SC=null)
10-11 21:31:36.052  1004  9755 I WindowManager: isChangeTransitionBlockedByCommonPolicy: false, AppWindowToken{1a73330 token=Token{d1be873 ActivityRecord{87d6f71 u0 com.example.cameratest/.MainActivity t810}}}, Thumb=null, isReallyAnimating=false, TransitChangeLeash=null, DisplayFrozen=false, RotationAnim=null, Stack={stackId=31 tasks=[{taskId=810 appTokens=[AppWindowToken{1a73330 token=Token{d1be873 ActivityRecord{87d6f71 u0 com.example.cameratest/.MainActivity t810}}}] mdr=false}]}, isVisible=false, SC=null)
10-11 21:31:36.052   934  1513 I SurfaceFlinger: id=745 createSurf (0x0),-1 flag=80004, AppWindowToken{1a73330 token=Token{d1be873 ActivityRecord{87d6f71 u0 com.example.cameratest/.MainActivity t810}}}#0
10-11 21:31:36.056  1004  8958 D ActivityManagerPerformance: onActivityResumeLocked() r: com.example.cameratest (ActivityRecord{87d6f71 u0 com.example.cameratest/.MainActivity t810})
10-11 21:31:36.056  1004  8958 D ActivityManagerPerformance: onActivityResumeLocked() skipped. already boosted com.example.cameratest
10-11 21:31:36.056  1004  8958 D DexController: already in same display: ProcessRecord{d65363a 24069:com.example.cameratest/u0a325}
10-11 21:31:36.057  1004  8958 D ActivityTaskManager: root process false,810,24069,com.example.cameratest
10-11 21:31:36.059  1004  8958 D GamePkgDataHelper: notifyAppCreate(), pkgName: com.example.cameratest, sendRet: true
10-11 21:31:36.060  1004  8958 D ActivityManagerPerformance: [Activity] prev: ActivityRecord{7dbe088 u0 com.sec.android.app.launcher/.activities.LauncherActivity t779}, cur: ActivityRecord{87d6f71 u0 com.example.cameratest/.MainActivity t810}
10-11 21:31:36.060  1004  1336 D PhoneWindow: forceLight changed to true [Splash Screen com.example.cameratest] from com.android.internal.policy.PhoneWindow.updateForceLightNavigationBar:4274 com.android.internal.policy.DecorView.updateColorViews:1547 com.android.internal.policy.PhoneWindow.dispatchWindowAttributesChanged:3252 android.view.Window.setFlags:1153 com.android.internal.policy.PhoneWindow.generateLayout:2474 
10-11 21:31:36.060  1004  8958 V ActivityTaskManager: markDedicatedIfNeeded com.example.cameratest, 0,{}
10-11 21:31:36.061  1004  8958 D MARsPolicyManager: onPackageResumedFG pkgName = com.example.cameratest, userId = 0
10-11 21:31:36.061  1004  1919 D GameManagerService: onLooperPrepared(), msg: { when=-2ms what=10010 obj=com.example.cameratest target=com.samsung.android.game.GameManagerService$FgCheckThread$1 }
10-11 21:31:36.061  1004  1919 D GameManagerService: handleMessage(), received MSG_APP_CREATE of pkgName: com.example.cameratest
10-11 21:31:36.069   934  1513 I SurfaceFlinger: id=746 createSurf (0x0),-1 flag=80004, a3e401d Splash Screen com.example.cameratest#0
10-11 21:31:36.069  1004  1336 D ViewRootImpl@6d690f4[cameratest]: setView = com.android.internal.policy.DecorView@7785292 TM=true MM=false
10-11 21:31:36.072  1004  1004 I Pageboost: package com.example.cameratest
10-11 21:31:36.074  1004  1800 D PkgPredictorService: com.example.cameratest go to foreground!
10-11 21:31:36.074  1004  1333 D CodecSolution: isMaxAspectPackageEx: com.example.cameratest : false(0)
10-11 21:31:36.074  1004  1800 D PkgPredictorService: previous pkgs: com.example.cameratest,com.example.cameratest,com.android.settings running pkg: com.example.cameratest, uid: 0 is system: false
10-11 21:31:36.074  1004  1800 D PkgPredictorService-Collector:  (hour:21 day:6 previous:[com.example.cameratest, com.example.cameratest, com.android.settings] activityName:unknown running:com.example.cameratest userId:0 screenOrientation:0 wifi:1 bt:1 predictTime:1 apkVersion:1.0 consumeTime:-1 preloaded:false>)
10-11 21:31:36.074  1004  1800 D PkgPredictorService-NapPreloadController: User using: com.example.cameratest
10-11 21:31:36.076  1004  1333 I PerfSDKService: Current foregroundpackage name : com.example.cameratest
10-11 21:31:36.078  1004  1336 V WindowManager: Relayout Window{a3e401d u0 Splash Screen com.example.cameratest}: viewVisibility=0 req=1080x2400
10-11 21:31:36.079   934  1513 I SurfaceFlinger: id=747 createSurf (1080x2400),1 flag=404, Splash Screen com.example.cameratest#0
10-11 21:31:36.080  1004  1336 D WindowManager: makeSurface duration=1 name=Splash Screen com.example.cameratest
10-11 21:31:36.082  1004  1336 D ViewRootImpl@6d690f4[cameratest]: Relayout returned: old=(0,0,1080,2400) new=(0,0,1080,2400) req=(1080,2400)0 dur=4 res=0x7 s={true 520553689088} ch=true
10-11 21:31:36.082  1004  1336 D ViewRootImpl@6d690f4[cameratest]: [DrawPending] drawPending(1) 1 android.view.ViewRootImpl.reportNextDraw:9898 android.view.ViewRootImpl.performTraversals:3306 android.view.ViewRootImpl.doTraversal:2199 
10-11 21:31:36.082 25901 26364 I SAMSUNGWALLET: [Hint_SimpleHintProcessMonitor] isHomePackageRunning topPkgName = com.example.cameratest, topClsName = com.example.cameratest.MainActivity, return false , se : false
10-11 21:31:36.084  1004  1335 D GameManagerService: MultiWindowEventListener.onFocusedStackChanged(), state=0, top=ComponentInfo{com.example.cameratest/com.example.cameratest.MainActivity}
10-11 21:31:36.084  1004  1335 D GameManagerService: MultiWindowEventListener.onFocusedStackChanged(), pkgName: com.example.cameratest, clsName: com.example.cameratest.MainActivity, FgActivityName:com.example.cameratest/.MainActivity, userID:0
10-11 21:31:36.088  1004  1919 D GameManagerService: onLooperPrepared(), msg: { when=-3ms what=10000 obj=ComponentInfo{com.example.cameratest/com.example.cameratest.MainActivity} target=com.samsung.android.game.GameManagerService$FgCheckThread$1 }
10-11 21:31:36.088  1004  1919 D GameManagerService: notifyResumePause(). of pkg: com.example.cameratest, type: 4, isMinimized: false, isTunableApp: false
10-11 21:31:36.089  1004  1336 D ViewRootImpl@6d690f4[cameratest]: [DrawPending] pendingDrawFinished(0) 1 android.view.ViewRootImpl.performDraw:4105 android.view.ViewRootImpl.performTraversals:3319 android.view.ViewRootImpl.doTraversal:2199 
10-11 21:31:36.089  1004  1336 D ViewRootImpl@6d690f4[cameratest]: [DrawPending] reportDrawFinished()
10-11 21:31:36.089  1004  1336 D WindowManager: finishDrawingWindow: Window{a3e401d u0 Splash Screen com.example.cameratest} mDrawState=DRAW_PENDING
10-11 21:31:36.090  1004  1336 V WindowManager: performShow on Window{a3e401d u0 Splash Screen com.example.cameratest}: mDrawState=READY_TO_SHOW readyForDisplay=false starting=true during animation: policyVis=true parentHidden=false tok.hiddenRequested=false tok.hidden=true animating=true tok animating=true Callers=com.android.server.wm.WindowState.performShowLocked:4753 com.android.server.wm.WindowStateAnimator.commitFinishDrawingLocked:396 com.android.server.wm.DisplayContent.lambda$new$8$DisplayContent:993 com.android.server.wm.-$$Lambda$DisplayContent$qxt4izS31fb0LF2uo_OF9DMa7gc.accept:4 
10-11 21:31:36.093  1004  1336 D RemoteAnimationController: createAnimationAdapter(): token=AppWindowToken{1a73330 token=Token{d1be873 ActivityRecord{87d6f71 u0 com.example.cameratest/.MainActivity t810}}}
10-11 21:31:36.093  1004  1336 I WindowManager: Reparenting to leash, surface=Surface(name=AppWindowToken{1a73330 token=Token{d1be873 ActivityRecord{87d6f71 u0 com.example.cameratest/.MainActivity t810}}})/@0x1c505de, caller=com.android.server.wm.SurfaceAnimator.startAnimation:130 com.android.server.wm.WindowContainer.startAnimation:1296 com.android.server.wm.AppWindowToken.applyAnimationLocked:3573 
10-11 21:31:36.093   934  1513 I SurfaceFlinger: id=749 createSurf (0x0),-1 flag=80004, Surface(name=AppWindowToken{1a73330 token=Token{d1be873 ActivityRecord{87d6f71 u0 com.example.cameratest/.MainActivity t810}}})/@0x1c505de - animation-leash#0
10-11 21:31:36.093  1004  1336 D WindowManager: makeSurface duration=0 leash=Surface(name=Surface(name=AppWindowToken{1a73330 token=Token{d1be873 ActivityRecord{87d6f71 u0 com.example.cameratest/.MainActivity t810}}})/@0x1c505de - animation-leash)/@0x6153bf
10-11 21:31:36.096  1004  1336 D RemoteAnimationController: 	Add token=AppWindowToken{1a73330 token=Token{d1be873 ActivityRecord{87d6f71 u0 com.example.cameratest/.MainActivity t810}}}
10-11 21:31:36.097  1004  1336 I RemoteAnimationController: token=AppWindowToken{1a73330 token=Token{d1be873 ActivityRecord{87d6f71 u0 com.example.cameratest/.MainActivity t810}}}
10-11 21:31:36.097  1004  1336 I RemoteAnimationController:   leash=Surface(name=Surface(name=AppWindowToken{1a73330 token=Token{d1be873 ActivityRecord{87d6f71 u0 com.example.cameratest/.MainActivity t810}}})/@0x1c505de - animation-leash)/@0x6153bf
10-11 21:31:36.098  1004  1336 D ViewRootImpl@6d690f4[cameratest]: MSG_RESIZED: frame=(0,0,1080,2400) ci=(0,90,0,135) vi=(0,90,0,135) or=1
10-11 21:31:36.099  1004  1333 I IWCMonitor: com.example.cameratest (10325) has came on foreground
10-11 21:31:36.116  1004  1335 D WifiTransportLayerMonitor: IUsageStatsWatcher pause package changed: com.example.cameratest
10-11 21:31:36.116  1004  1335 D WifiTransportLayerMonitor: getOrCreatePackageInfo - 10325 com.example.cameratest
10-11 21:31:36.116  1004  1877 D WifiTransportLayerMonitor.PackageUpdateHandler: MSG_UPDATE_CATEGORY - com.example.cameratest
10-11 21:31:36.117  1004  1333 D WindowManager: setSystemUiVisibility: displayId=0, vis=0x8018, fullVis=0x0, dockVis=0x0, win=Window{a3e401d u0 Splash Screen com.example.cameratest}
10-11 21:31:36.122  9244  9299 D [AirCmd]_RemoteSpenMainController: hasGeneralAction : packageName is com.example.cameratest, activityName is com.example.cameratest.MainActivity, hasActions is false
10-11 21:31:36.123 24069 24069 E AndroidRuntime: Process: com.example.cameratest, PID: 24069
10-11 21:31:36.123 24069 24069 E AndroidRuntime: java.lang.RuntimeException: Unable to instantiate activity ComponentInfo{com.example.cameratest/com.example.cameratest.MainActivity}: java.lang.ClassNotFoundException: Didn't find class "com.example.cameratest.MainActivity" on path: DexPathList[[zip file "/data/app/com.example.cameratest-AB8IQxba-Bv0Yhw6nVhYlg==/base.apk"],nativeLibraryDirectories=[/data/app/com.example.cameratest-AB8IQxba-Bv0Yhw6nVhYlg==/lib/arm64, /data/app/com.example.cameratest-AB8IQxba-Bv0Yhw6nVhYlg==/base.apk!/lib/arm64-v8a, /system/lib64, /product/lib64]]
10-11 21:31:36.123 24069 24069 E AndroidRuntime: Caused by: java.lang.ClassNotFoundException: Didn't find class "com.example.cameratest.MainActivity" on path: DexPathList[[zip file "/data/app/com.example.cameratest-AB8IQxba-Bv0Yhw6nVhYlg==/base.apk"],nativeLibraryDirectories=[/data/app/com.example.cameratest-AB8IQxba-Bv0Yhw6nVhYlg==/lib/arm64, /data/app/com.example.cameratest-AB8IQxba-Bv0Yhw6nVhYlg==/base.apk!/lib/arm64-v8a, /system/lib64, /product/lib64]]
10-11 21:31:36.124  1004  8972 D GamePkgDataHelper: getSosPolicy(). com.example.cameratest
10-11 21:31:36.124  1004  1335 D GamePkgDataHelper: getSosPolicy(). com.example.cameratest
10-11 21:31:36.124  1004  1335 D GameManagerService: identifyGamePackage. com.example.cameratest, mCurrentUserId: 0, callerUserId: 0
10-11 21:31:36.125  1004  1335 D GamePkgDataHelper: getGamePkgData(). com.example.cameratest
10-11 21:31:36.125  1004  1335 D GameManagerService: noteResumeComponent(), received resumed-component: com.example.cameratest
10-11 21:31:36.125  1004  1919 D GameManagerService: onLooperPrepared(), msg: { when=0 what=10000 obj=ComponentInfo{com.example.cameratest/com.example.cameratest.MainActivity} target=com.samsung.android.game.GameManagerService$FgCheckThread$1 }
10-11 21:31:36.125  1004  1919 D GameManagerService: notifyResumePause(). of pkg: com.example.cameratest, type: 4, isMinimized: false, isTunableApp: false
10-11 21:31:36.131  9244  9299 D [AirCmd]_RemoteSpenMainController: onSwitch : package is com.example.cameratest   and activity is com.example.cameratest.MainActivity and isBleConnected is true and hasActions is false
10-11 21:31:36.132   934   934 I SurfaceFlinger:      CLIENT | 0x712b437770 | 0002 | RGBA_8888 |   0.0  233.0 1080.0 1313.0 |  323  336  507  520 | Splash Screen com.example.cameratest#0
10-11 21:31:36.312  1004  1877 W WifiTransportLayerUtils: getApplicationCategory - IOException com.example.cameratest
10-11 21:31:36.384  1004  1994 D MdnieScenarioControlService:  packageName : com.example.cameratest    className : com.example.cameratest.MainActivity
10-11 21:31:36.443  1004  8966 I WindowManager: Reparenting to original parent: Surface(name=Task=810)/@0x9c74043, destroyLeash=true, surface=Surface(name=AppWindowToken{1a73330 token=Token{d1be873 ActivityRecord{87d6f71 u0 com.example.cameratest/.MainActivity t810}}})/@0x1c505de, caller=com.android.server.wm.SurfaceAnimator.lambda$getFinishedCallback$0$SurfaceAnimator:98 com.android.server.wm.-$$Lambda$SurfaceAnimator$M9kRDTUpVS03LTqe-QLQz3DnMhk.run:6 com.android.server.wm.SurfaceAnimator.lambda$getFinishedCallback$1$SurfaceAnimator:104 
10-11 21:31:36.443  1004  8966 I DexWindowController: notifyAppTransitionFinishedIfNeeded: AppWindowToken{1a73330 token=Token{d1be873 ActivityRecord{87d6f71 u0 com.example.cameratest/.MainActivity t810}}} callers=com.android.server.wm.MultiTaskingWindowManager.notifyAppTransitionFinishedIfNeeded:438 com.android.server.wm.WindowManagerService$4.onAppTransitionFinishedLocked:1045 com.android.server.wm.AppTransition.notifyAppTransitionFinishedLocked:541 
10-11 21:31:36.443  1004  8966 D RemoteAnimationController: 	AppWindowToken{1a73330 token=Token{d1be873 ActivityRecord{87d6f71 u0 com.example.cameratest/.MainActivity t810}}}
10-11 21:31:36.445   934  1513 I Layer   : id=745 removeFromCurrentState AppWindowToken{1a73330 token=Token{d1be873 ActivityRecord{87d6f71 u0 com.example.cameratest/.MainActivity t810}}}#0 (47)
10-11 21:31:36.445   934  1513 I Layer   : id=746 removeFromCurrentState a3e401d Splash Screen com.example.cameratest#0 (47)
10-11 21:31:36.445   934  1513 I Layer   : id=749 removeFromCurrentState Surface(name=AppWindowToken{1a73330 token=Token{d1be873 ActivityRecord{87d6f71 u0 com.example.cameratest/.MainActivity t810}}})/@0x1c505de - animation-leash#0 (47)
10-11 21:31:36.445   934  1513 I Layer   : id=747 removeFromCurrentState Splash Screen com.example.cameratest#0 (47)
10-11 21:31:36.459   934   934 E Layer   : [Surface(name=AppWindowToken{1a73330 token=Token{d1be873 ActivityRecord{87d6f71 u0 com.example.cameratest/.MainActivity t810}}})/@0x1c505de - animation-leash#0] No local sync point found, barrierLayer : [com.sec.android.app.launcher/com.sec.android.app.launcher.activities.LauncherActivity$_2558#0]
10-11 21:31:36.464   934  1108 I SurfaceFlinger: id=749 Removed Surface(name=AppWindowToken{1a73330 token=Token{d1be873 ActivityRecord{87d6f71 u0 com.example.cameratest/.MainActivity t810}}})/@0x1c505de - animation-leash#0 (47)
10-11 21:31:36.465   934   934 I SurfaceFlinger:      DEVICE | 0x712b437770 | 0002 | RGBA_8888 |   0.0    0.0 1080.0 2400.0 |    0    0 1080 2400 | Splash Screen com.example.cameratest#0
10-11 21:31:36.475   934   934 I Layer   : id=749[1] Destroyed Surface(name=AppWindowToken{1a73330 token=Token{d1be873 ActivityRecord{87d6f71 u0 com.example.cameratest/.MainActivity t810}}})/@0x1c505de - animation-leash#0
10-11 21:31:39.051  1004  2739 D ActivityManagerPerformance: Received MSG_DISABLE_APP_SWITCH, r: ActivityRecord{87d6f71 u0 com.example.cameratest/.MainActivity t810}
10-11 21:31:39.051  1004  2739 D ActivityManagerPerformance: setBoosterAppSwitch() onoff: false, r: com.example.cameratest (ActivityRecord{87d6f71 u0 com.example.cameratest/.MainActivity t810}), curBoost: com.example.cameratest (ActivityRecord{87d6f71 u0 com.example.cameratest/.MainActivity t810})
10-11 21:31:39.051  1004  2739 D ActivityManagerPerformance: setBoosterTail() from AppSwitch, r: com.example.cameratest (ActivityRecord{87d6f71 u0 com.example.cameratest/.MainActivity t810})
10-11 21:31:39.132  1004  8957 W ActivityManager: crash : com.example.cameratest,0
10-11 21:31:39.133  1004  8957 W ActivityTaskManager:   Force finishing activity com.example.cameratest/.MainActivity
10-11 21:31:39.156  1004  8023 D ActivityManager: [SD] system seedbed listen remove action name:com.example.cameratest uid:10325 adj:199
10-11 21:31:39.157  1004  8023 I ActivityManager: Process com.example.cameratest (pid 24069) has died: vis+99 TOP (416,3598)
10-11 21:31:39.157  1004  8023 E WindowManager: win=Window{a3e401d u0 Splash Screen com.example.cameratest EXITING} destroySurfaces: appStopped=false win.mWindowRemovalAllowed=true win.mRemoveOnExit=true win.mViewVisibility=0 caller=com.android.server.wm.AppWindowToken.destroySurfaces:1219 com.android.server.wm.AppWindowToken.destroySurfaces:1200 com.android.server.wm.WindowState.onExitAnimationDone:5122 com.android.server.wm.-$$Lambda$01bPtngJg5AqEoOWfW3rWfV7MH4.accept:2 java.util.ArrayList.forEach:1262 com.android.server.wm.AppWindowToken.onAnimationFinished:3870 com.android.server.wm.AppWindowToken.commitVisibility:884 
10-11 21:31:39.158  1004  8023 I WindowManager: Destroying surface Surface(name=Splash Screen com.example.cameratest)/@0xa2c1e87 called by com.android.server.wm.WindowStateAnimator.destroySurface:1783 com.android.server.wm.WindowStateAnimator.destroySurfaceLocked:713 com.android.server.wm.WindowState.destroySurfaceUnchecked:3587 com.android.server.wm.WindowState.destroySurface:3561 com.android.server.wm.AppWindowToken.destroySurfaces:1219 com.android.server.wm.AppWindowToken.destroySurfaces:1200 com.android.server.wm.WindowState.onExitAnimationDone:5122 com.android.server.wm.-$$Lambda$01bPtngJg5AqEoOWfW3rWfV7MH4.accept:2 
10-11 21:31:39.158   934  1108 I Layer   : id=747 removeFromCurrentState Splash Screen com.example.cameratest#0 (44)
10-11 21:31:39.159   934  1108 I Layer   : id=746 removeFromCurrentState a3e401d Splash Screen com.example.cameratest#0 (44)
10-11 21:31:39.160   934  1108 I SurfaceFlinger: id=746 Removed a3e401d Splash Screen com.example.cameratest#0 (44)
10-11 21:31:39.162   934  1108 I Layer   : id=745 removeFromCurrentState AppWindowToken{1a73330 token=Token{d1be873 ActivityRecord{87d6f71 u0 com.example.cameratest/.MainActivity t810}}}#0 (44)
10-11 21:31:39.162   934  1108 I SurfaceFlinger: id=745 Removed AppWindowToken{1a73330 token=Token{d1be873 ActivityRecord{87d6f71 u0 com.example.cameratest/.MainActivity t810}}}#0 (44)
10-11 21:31:39.166  1004  8023 D ActivityManagerPerformance: [Activity] prev: ActivityRecord{87d6f71 u0 com.example.cameratest/.MainActivity t-1 f}, cur: ActivityRecord{7dbe088 u0 com.sec.android.app.launcher/.activities.LauncherActivity t779}
10-11 21:31:39.170  1004  1336 D ViewRootImpl@6d690f4[cameratest]: dispatchDetachedFromWindow
10-11 21:31:39.170   934  1108 I SurfaceFlinger: id=747 Removed Splash Screen com.example.cameratest#0 (44)
10-11 21:31:39.174   934   934 I Layer   : id=746[1] Destroyed a3e401d Splash Screen com.example.cameratest#0
10-11 21:31:39.174   934   934 I Layer   : id=745[1] Destroyed AppWindowToken{1a73330 token=Token{d1be873 ActivityRecord{87d6f71 u0 com.example.cameratest/.MainActivity t810}}}#0
10-11 21:31:39.175   934   934 I Layer   : id=747[1] Destroyed Splash Screen com.example.cameratest#0
10-11 21:31:39.244 27553 28481 D AppErrorNotification: errorType : 24, process : com.example.cameratest , uid : 0
10-11 21:31:39.270  1004  1004 D seedbed-SeedbedPreloadController:  remove task removeUser:0 removeUid:10325 removepkgName:com.example.cameratest
10-11 21:31:39.350  1004  1352 I ActivityTaskManager: Displayed com.example.cameratest/.MainActivity: +3s146ms
10-11 21:31:39.350  1004  1352 I Pageboost: Launch time gathered : pid -1 com.example.cameratest 3146
10-11 21:31:39.634  1004  1335 W ActivityTaskManager: Activity top resumed state loss timeout for ActivityRecord{87d6f71 u0 com.example.cameratest/.MainActivity t-1 f}
10-11 21:31:39.677 27553 28481 D BatteryFasDaoImpl: Added p=com.example.cameratest uid=10325 key=-351505891
10-11 21:31:39.678 27553 28481 V FasUtils: There is com.example.cameratest [10325] in FAS table
10-11 21:31:39.679 27553 28481 D AppHistoryFactory: type : 20 / app : com.example.cameratest
10-11 21:31:39.682 18372 18391 D SmProvider: history summary update : com.example.cameratest
10-11 21:31:39.701 27553 28481 W AppErrorNotification: Skip. com.example.cameratest is not notiable item
10-11 21:31:41.080  1004  1802 D PkgPredictorService-AufHitCalculation: processForegroundChanged process: com.example.cameratest uid:0 TotalCount:5 hit5: 2 [40%] hit10: 2 [40%] hit15: 2 [40%] hit20: 2 [40%] hit25: 2 [40%] hit30: 2 [40%] etc: 0 [0%]
10-11 21:31:41.273  1004  1800 D seedbed-SeedbedAppInfoWrapper: insertAppInfoToLists uid:10325 pkgname:com.example.cameratest
10-11 21:31:41.273  1004  1800 D seedbed-SeedbedPreloadController: com.example.cameratest insert time is:2024-10-11 21:31:41 alarm will be triggered at time:2024-10-12 21:31:41
10-11 21:31:41.274  1004  1800 D seedbed-SeedbedPreloadController: Sent Action=com.samsung.DO_SEEDBED_LAUNCH pkg = com.example.cameratest type: seedbed
10-11 21:31:41.275  1004  2436 I ActivityManager: [SD] app:com.example.cameratest is exist findPkgforMl:false  isOnMemory:false
10-11 21:31:41.275  1004  2436 D ActivityManager: [SD] starting seedbed userId:0  com.example.cameratest
10-11 21:31:41.280  1004  2436 I ApplicationPolicy: isApplicationExternalStorageWhitelisted:com.example.cameratest user:0
10-11 21:31:41.280  1004  2436 D ActivityManager: package  com.example.cameratest, user - 0 is SDcard whitelisted
10-11 21:31:41.280  1004  2436 I ApplicationPolicy: isApplicationExternalStorageBlacklisted:com.example.cameratest user:0
10-11 21:31:41.280  1004  2436 I ApplicationPolicy: isApplicationExternalStorageBlacklisted:com.example.cameratest user:0
10-11 21:31:41.281  1004  2436 D ActivityManager: [SD] preload com.example.cameratest success
10-11 21:31:41.282  1004  1004 D PkgPredictorService-NapPreloadController: Get reply pkgName = com.example.cameratest type = seedbed uid = 0
10-11 21:31:41.306  1004  1354 I ActivityManager: Start proc 28531:com.example.cameratest/u0a325 for mllaunch {com.example.cameratest/com.example.cameratest.MainActivity}
10-11 21:31:41.338  1004  9755 I ActivityManager: DSS OFF for com.example.cameratest
